Component: ARM Compiler 5.06 update 6 (build 750) Tool: armlink [4d35ed]

==============================================================================

Section Cross References

    main.o(i._Z10publishBATv) refers to battery.o(i._ZN7Battery8get_voltEv) for Battery::get_volt()
    main.o(i._Z10publishBATv) refers to main.o(i._ZN3ros9Publisher7publishEPKNS_3MsgE) for ros::Publisher::publish(const ros::Msg*)
    main.o(i._Z10publishBATv) refers to main.o(.bss) for bat
    main.o(i._Z10publishBATv) refers to main.o(.data) for raw_battery_msg
    main.o(i._Z11print_debugv) refers to _printf_percent.o(.ARM.Collect$$_printf_percent$$00000000) for _printf_percent
    main.o(i._Z11print_debugv) refers to _printf_f.o(.ARM.Collect$$_printf_percent$$00000003) for _printf_f
    main.o(i._Z11print_debugv) refers to printf1.o(x$fpl$printf1) for _printf_fp_dec
    main.o(i._Z11print_debugv) refers to odrivearduino.o(i._ZN13ODriveArduino11GetVelocityEi) for ODriveArduino::GetVelocity(int)
    main.o(i._Z11print_debugv) refers to f2d.o(x$fpl$f2d) for __aeabi_f2d
    main.o(i._Z11print_debugv) refers to __2sprintf.o(.text) for __2sprintf
    main.o(i._Z11print_debugv) refers to main.o(t._ZN3ros11NodeHandle_I15ArduinoHardwareLi25ELi25ELi512ELi512ENS_19FlashReadOutBuffer_EE7loginfoIPcEEvT_) for void ros::NodeHandle_<ArduinoHardware, (int)25, (int)25, (int)512, (int)512, ros::FlashReadOutBuffer_>::loginfo<char*>(T1)
    main.o(i._Z11print_debugv) refers to main.o(.data) for odrive1
    main.o(i._Z11print_debugv) refers to main.o(.bss) for nh
    main.o(i._Z11publish_imuv) refers to gy85.o(i._ZN4Gy8520measure_accelerationEv) for Gy85::measure_acceleration()
    main.o(i._Z11publish_imuv) refers to gy85.o(i._ZN4Gy8517measure_gyroscopeEv) for Gy85::measure_gyroscope()
    main.o(i._Z11publish_imuv) refers to gy85.o(i._ZN4Gy8520measure_magnetometerEv) for Gy85::measure_magnetometer()
    main.o(i._Z11publish_imuv) refers to main.o(i._ZN13geometry_msgs7Vector3aSERKS0_) for geometry_msgs::Vector3::operator =(const geometry_msgs::Vector3&)
    main.o(i._Z11publish_imuv) refers to main.o(i._ZN3ros9Publisher7publishEPKNS_3MsgE) for ros::Publisher::publish(const ros::Msg*)
    main.o(i._Z11publish_imuv) refers to main.o(.bss) for imu2
    main.o(i._Z12pid_callbackRKN9riki_msgs3PIDE) refers to pid.o(i._ZN3PID15updateConstantsEfff) for PID::updateConstants(float, float, float)
    main.o(i._Z12pid_callbackRKN9riki_msgs3PIDE) refers to main.o(.bss) for motor1_pid
    main.o(i._Z16command_callbackRKN13geometry_msgs5TwistE) refers to f2d.o(x$fpl$f2d) for __aeabi_f2d
    main.o(i._Z16command_callbackRKN13geometry_msgs5TwistE) refers to delay.o(i.millis) for millis
    main.o(i._Z16command_callbackRKN13geometry_msgs5TwistE) refers to main.o(.data) for required_linear_vel_x
    main.o(i._Z4loopv) refers to delay.o(i.millis) for millis
    main.o(i._Z4loopv) refers to main.o(i._Z9move_basev) for move_base()
    main.o(i._Z4loopv) refers to main.o(i._Z9stop_basev) for stop_base()
    main.o(i._Z4loopv) refers to main.o(t._ZN3ros11NodeHandle_I15ArduinoHardwareLi25ELi25ELi512ELi512ENS_19FlashReadOutBuffer_EE8spinOnceEv) for ros::NodeHandle_<ArduinoHardware, (int)25, (int)25, (int)512, (int)512, ros::FlashReadOutBuffer_>::spinOnce()
    main.o(i._Z4loopv) refers to main.o(.data) for previous_control_time
    main.o(i._Z4loopv) refers to main.o(.bss) for nh
    main.o(i._Z5setupv) refers to arduino.o(i.pinMode) for pinMode
    main.o(i._Z5setupv) refers to gy85.o(i._ZN4Gy854initEv) for Gy85::init()
    main.o(i._Z5setupv) refers to hardwareserial.o(i._ZN14HardwareSerial5beginEj) for HardwareSerial::begin(unsigned)
    main.o(i._Z5setupv) refers to main.o(t._ZN3ros11NodeHandle_I15ArduinoHardwareLi25ELi25ELi512ELi512ENS_19FlashReadOutBuffer_EE9advertiseERNS_9PublisherE) for ros::NodeHandle_<ArduinoHardware, (int)25, (int)25, (int)512, (int)512, ros::FlashReadOutBuffer_>::advertise(ros::Publisher&)
    main.o(i._Z5setupv) refers to delay.o(i.millis) for millis
    main.o(i._Z5setupv) refers to main.o(t._ZN3ros11NodeHandle_I15ArduinoHardwareLi25ELi25ELi512ELi512ENS_19FlashReadOutBuffer_EE8spinOnceEv) for ros::NodeHandle_<ArduinoHardware, (int)25, (int)25, (int)512, (int)512, ros::FlashReadOutBuffer_>::spinOnce()
    main.o(i._Z5setupv) refers to main.o(t._ZN3ros11NodeHandle_I15ArduinoHardwareLi25ELi25ELi512ELi512ENS_19FlashReadOutBuffer_EE3logEcPKc) for ros::NodeHandle_<ArduinoHardware, (int)25, (int)25, (int)512, (int)512, ros::FlashReadOutBuffer_>::log(char, const char*)
    main.o(i._Z5setupv) refers to arduino.o(i.digitalWrite) for digitalWrite
    main.o(i._Z5setupv) refers to main.o(.bss) for imu2
    main.o(i._Z5setupv) refers to hardwareserial.o(.bss) for Serial2
    main.o(i._Z5setupv) refers to main.o(.data) for lasttime
    main.o(i._Z5setupv) refers to gpio.o(.constdata) for PIN_MAP
    main.o(i._Z9check_imuv) refers to gy85.o(i._ZN4Gy8515check_gyroscopeEv) for Gy85::check_gyroscope()
[...]
    String::String(const char*)              0x08003e3b   Thumb Code    36  wstring.o(i._ZN6StringC1EPKc)
    String::String__sub_object(const char*)  0x08003e3b   Thumb Code     0  wstring.o(i._ZN6StringC1EPKc)
    String::~String()                        0x08003e5f   Thumb Code    14  wstring.o(i._ZN6StringD1Ev)
    String::~String__sub_object()            0x08003e5f   Thumb Code     0  wstring.o(i._ZN6StringD1Ev)
    Battery::Battery(float, float, float)    0x08003e6d   Thumb Code    14  battery.o(i._ZN7BatteryC1Efff)
    Battery::Battery__sub_object(float, float, float) 0x08003e6d   Thumb Code     0  battery.o(i._ZN7BatteryC1Efff)
    TwoWire::begin(unsigned char)            0x08003e7b   Thumb Code    58  wire.o(i._ZN7TwoWire5beginEh)
    TwoWire::set_scl(bool)                   0x08003eb5   Thumb Code    44  wire.o(i._ZN7TwoWire7set_sclEb)
    TwoWire::set_sda(bool)                   0x08003ee1   Thumb Code    26  wire.o(i._ZN7TwoWire7set_sdaEb)
    TwoWire::TwoWire(unsigned char, unsigned char, unsigned char) 0x08003efd   Thumb Code    26  wire.o(i._ZN7TwoWireC1Ehhh)
    TwoWire::TwoWire__sub_object(unsigned char, unsigned char, unsigned char) 0x08003efd   Thumb Code     0  wire.o(i._ZN7TwoWireC1Ehhh)
    TwoWire::~TwoWire()                      0x08003f21   Thumb Code    22  wire.o(i._ZN7TwoWireD1Ev)
    TwoWire::~TwoWire__sub_object()          0x08003f21   Thumb Code     0  wire.o(i._ZN7TwoWireD1Ev)
    SPIClass::SPIClass(SPI_TypeDef*)         0x08003f3d   Thumb Code     4  spi.o(i._ZN8SPIClassC1EP11SPI_TypeDef)
    SPIClass::SPIClass__sub_object(SPI_TypeDef*) 0x08003f3d   Thumb Code     0  spi.o(i._ZN8SPIClassC1EP11SPI_TypeDef)
    std_msgs::Time::deserialize(unsigned char*) 0x08003f41   Thumb Code    92  main.o(i._ZN8std_msgs4Time11deserializeEPh)
    std_msgs::Time::getMD5()                 0x08003f9d   Thumb Code     6  main.o(i._ZN8std_msgs4Time6getMD5Ev)
    std_msgs::Time::getType()                0x08003fa9   Thumb Code     6  main.o(i._ZN8std_msgs4Time7getTypeEv)
    std_msgs::Time::Time()                   0x08003fb5   Thumb Code    32  main.o(i._ZN8std_msgs4TimeC1Ev)
    std_msgs::Time::Time__sub_object()       0x08003fb5   Thumb Code     0  main.o(i._ZN8std_msgs4TimeC1Ev)
    riki_msgs::Velocities::getMD5()          0x08003fd9   Thumb Code     6  main.o(i._ZN9riki_msgs10Velocities6getMD5Ev)
    riki_msgs::Velocities::getType()         0x08003fe5   Thumb Code     6  main.o(i._ZN9riki_msgs10Velocities7getTypeEv)
    riki_msgs::Imu::getMD5()                 0x08003ff1   Thumb Code     6  main.o(i._ZN9riki_msgs3Imu6getMD5Ev)
    riki_msgs::Imu::getType()                0x08003ffd   Thumb Code     6  main.o(i._ZN9riki_msgs3Imu7getTypeEv)
    riki_msgs::PID::deserialize(unsigned char*) 0x08004009   Thumb Code   182  main.o(i._ZN9riki_msgs3PID11deserializeEPh)
    riki_msgs::PID::getMD5()                 0x080040c1   Thumb Code     6  main.o(i._ZN9riki_msgs3PID6getMD5Ev)
    riki_msgs::PID::getType()                0x080040cd   Thumb Code     6  main.o(i._ZN9riki_msgs3PID7getTypeEv)
    riki_msgs::Battery::getMD5()             0x080040d9   Thumb Code     6  main.o(i._ZN9riki_msgs7Battery6getMD5Ev)
    riki_msgs::Battery::getType()            0x080040e5   Thumb Code     6  main.o(i._ZN9riki_msgs7Battery7getTypeEv)
    geometry_msgs::Twist::serialize(unsigned char*) const 0x080040f1   Thumb Code    34  main.o(i._ZNK13geometry_msgs5Twist9serializeEPh)
    geometry_msgs::Vector3::serialize(unsigned char*) const 0x08004113   Thumb Code    60  main.o(i._ZNK13geometry_msgs7Vector39serializeEPh)
    rosserial_msgs::RequestParamResponse::serialize(unsigned char*) const 0x0800414f   Thumb Code   262  main.o(i._ZNK14rosserial_msgs20RequestParamResponse9serializeEPh)
    rosserial_msgs::Log::serialize(unsigned char*) const 0x08004255   Thumb Code    52  main.o(i._ZNK14rosserial_msgs3Log9serializeEPh)
    rosserial_msgs::TopicInfo::serialize(unsigned char*) const 0x08004289   Thumb Code   154  main.o(i._ZNK14rosserial_msgs9TopicInfo9serializeEPh)
    String::toFloat() const                  0x08004325   Thumb Code    50  wstring.o(i._ZNK6String7toFloatEv)
    std_msgs::Time::serialize(unsigned char*) const 0x0800435d   Thumb Code    68  main.o(i._ZNK8std_msgs4Time9serializeEPh)
    riki_msgs::Velocities::serialize(unsigned char*) const 0x080043a1   Thumb Code   122  main.o(i._ZNK9riki_msgs10Velocities9serializeEPh)
    riki_msgs::Imu::serialize(unsigned char*) const 0x0800441b   Thumb Code    46  main.o(i._ZNK9riki_msgs3Imu9serializeEPh)
    riki_msgs::PID::serialize(unsigned char*) const 0x08004449   Thumb Code   122  main.o(i._ZNK9riki_msgs3PID9serializeEPh)
    riki_msgs::Battery::serialize(unsigned char*) const 0x080044c3   Thumb Code    46  main.o(i._ZNK9riki_msgs7Battery9serializeEPh)
    operator delete (void*)                  0x080044f1   Thumb Code     8  delete.o(i._ZdlPv)
    Print& operator <<<float>(Print&, T1)    0x080044f9   Thumb Code    48  odrivearduino.o(i._ZlsIfER5PrintS1_T_)
    operator new[] (unsigned)                0x08004529   Thumb Code     8  array_new.o(i._Znaj)
    operator new(unsigned)                   0x08004531   Thumb Code    34  new.o(i._Znwj)
    __cxa_pure_virtual                       0x08004581   Thumb Code     6  pure_virt.o(i.__cxa_pure_virtual)
    __hardfp___mathlib_tofloat               0x08004589   Thumb Code   232  narrow.o(i.__hardfp___mathlib_tofloat)
    __hardfp_atof                            0x08004681   Thumb Code    44  atof.o(i.__hardfp_atof)
    __hardfp_ldexp                           0x080046b9   Thumb Code   200  ldexp.o(i.__hardfp_ldexp)
    __mathlib_dbl_overflow                   0x08004789   Thumb Code    24  dunder.o(i.__mathlib_dbl_overflow)
    __mathlib_dbl_underflow                  0x080047a9   Thumb Code    24  dunder.o(i.__mathlib_dbl_underflow)
    __mathlib_narrow                         0x080047c9   Thumb Code    18  narrow.o(i.__mathlib_narrow)
    __support_ldexp                          0x08004afd   Thumb Code    20  ldexp.o(i.__support_ldexp)
    _is_digit                                0x08004b11   Thumb Code    14  __printf_wp.o(i._is_digit)
    delay_us                                 0x08004b21   Thumb Code    74  delay.o(i.delay_us)
    digitalRead                              0x08004b75   Thumb Code    40  arduino.o(i.digitalRead)
    digitalWrite                             0x08004ba1   Thumb Code    50  arduino.o(i.digitalWrite)
    frexp                                    0x08004bd9   Thumb Code   118  frexp.o(i.frexp)
    isspace                                  0x08004c65   Thumb Code    18  wstring.o(i.isspace)
    main                                     0x08004c79   Thumb Code    30  main.o(i.main)
    millis                                   0x08004c9d   Thumb Code     6  delay.o(i.millis)
    pinMode                                  0x08004ca9   Thumb Code    94  arduino.o(i.pinMode)
    _get_lc_ctype                            0x08004d0d   Thumb Code    44  lc_ctype_c.o(locale$$code)
    _get_lc_numeric                          0x08004d39   Thumb Code    44  lc_numeric_c.o(locale$$code)
    ros::Subscriber<geometry_msgs::Twist, void>::getMsgType() 0x08004d65   Thumb Code     8  main.o(t._ZN3ros10SubscriberIN13geometry_msgs5TwistEvE10getMsgTypeEv)
    ros::Subscriber<geometry_msgs::Twist, void>::getEndpointType() 0x08004d71   Thumb Code     6  main.o(t._ZN3ros10SubscriberIN13geometry_msgs5TwistEvE15getEndpointTypeEv)
    ros::Subscriber<geometry_msgs::Twist, void>::callback(unsigned char*) 0x08004d77   Thumb Code    26  main.o(t._ZN3ros10SubscriberIN13geometry_msgs5TwistEvE8callbackEPh)
    ros::Subscriber<geometry_msgs::Twist, void>::getMsgMD5() 0x08004d91   Thumb Code     8  main.o(t._ZN3ros10SubscriberIN13geometry_msgs5TwistEvE9getMsgMD5Ev)
    ros::Subscriber<geometry_msgs::Twist, void>::Subscriber(const char*, void(*)(const geometry_msgs::Twist&), int) 0x08004d9d   Thumb Code    84  main.o(t._ZN3ros10SubscriberIN13geometry_msgs5TwistEvEC1EPKcPFvRKS2_Ei)
    ros::Subscriber<geometry_msgs::Twist, void>::Subscriber__sub_object(const char*, void(*)(const geometry_msgs::Twist&), int) 0x08004d9d   Thumb Code     0  main.o(t._ZN3ros10SubscriberIN13geometry_msgs5TwistEvEC1EPKcPFvRKS2_Ei)
    ros::Subscriber<riki_msgs::PID, void>::getMsgType() 0x08004df9   Thumb Code     8  main.o(t._ZN3ros10SubscriberIN9riki_msgs3PIDEvE10getMsgTypeEv)
    ros::Subscriber<riki_msgs::PID, void>::getEndpointType() 0x08004e05   Thumb Code     6  main.o(t._ZN3ros10SubscriberIN9riki_msgs3PIDEvE15getEndpointTypeEv)
    ros::Subscriber<riki_msgs::PID, void>::callback(unsigned char*) 0x08004e0b   Thumb Code    26  main.o(t._ZN3ros10SubscriberIN9riki_msgs3PIDEvE8callbackEPh)
    ros::Subscriber<riki_msgs::PID, void>::getMsgMD5() 0x08004e25   Thumb Code     8  main.o(t._ZN3ros10SubscriberIN9riki_msgs3PIDEvE9getMsgMD5Ev)
    ros::Subscriber<riki_msgs::PID, void>::Subscriber(const char*, void(*)(const riki_msgs::PID&), int) 0x08004e31   Thumb Code    88  main.o(t._ZN3ros10SubscriberIN9riki_msgs3PIDEvEC1EPKcPFvRKS2_Ei)
    ros::Subscriber<riki_msgs::PID, void>::Subscriber__sub_object(const char*, void(*)(const riki_msgs::PID&), int) 0x08004e31   Thumb Code     0  main.o(t._ZN3ros10SubscriberIN9riki_msgs3PIDEvEC1EPKcPFvRKS2_Ei)
    ros::NodeHandle_<ArduinoHardware, (int)25, (int)25, (int)512, (int)512, ros::FlashReadOutBuffer_>::negotiateTopics() 0x08004e95   Thumb Code   482  main.o(t._ZN3ros11NodeHandle_I15ArduinoHardwareLi25ELi25ELi512ELi512ENS_19FlashReadOutBuffer_EE15negotiateTopicsEv)
    ros::NodeHandle_<ArduinoHardware, (int)25, (int)25, (int)512, (int)512, ros::FlashReadOutBuffer_>::requestSyncTime() 0x08005089   Thumb Code    32  main.o(t._ZN3ros11NodeHandle_I15ArduinoHardwareLi25ELi25ELi512ELi512ENS_19FlashReadOutBuffer_EE15requestSyncTimeEv)
    ros::NodeHandle_<ArduinoHardware, (int)25, (int)25, (int)512, (int)512, ros::FlashReadOutBuffer_>::log(char, const char*) 0x080050a9   Thumb Code    52  main.o(t._ZN3ros11NodeHandle_I15ArduinoHardwareLi25ELi25ELi512ELi512ENS_19FlashReadOutBuffer_EE3logEcPKc)
    ros::NodeHandle_<ArduinoHardware, (int)25, (int)25, (int)512, (int)512, ros::FlashReadOutBuffer_>::publish(int, const ros::Msg*) 0x080050e5   Thumb Code   226  main.o(t._ZN3ros11NodeHandle_I15ArduinoHardwareLi25ELi25ELi512ELi512ENS_19FlashReadOutBuffer_EE7publishEiPKNS_3MsgE)
    void ros::NodeHandle_<ArduinoHardware, (int)25, (int)25, (int)512, (int)512, ros::FlashReadOutBuffer_>::logerror<const char*>(T1) 0x080051cd   Thumb Code    18  main.o(t._ZN3ros11NodeHandle_I15ArduinoHardwareLi25ELi25ELi512ELi512ENS_19FlashReadOutBuffer_EE8logerrorIPKcEEvT_)
    ros::NodeHandle_<ArduinoHardware, (int)25, (int)25, (int)512, (int)512, ros::FlashReadOutBuffer_>::spinOnce() 0x080051df   Thumb Code   630  main.o(t._ZN3ros11NodeHandle_I15ArduinoHardwareLi25ELi25ELi512ELi512ENS_19FlashReadOutBuffer_EE8spinOnceEv)
    ros::NodeHandle_<ArduinoHardware, (int)25, (int)25, (int)512, (int)512, ros::FlashReadOutBuffer_>::syncTime(unsigned char*) 0x08005455   Thumb Code   154  main.o(t._ZN3ros11NodeHandle_I15ArduinoHardwareLi25ELi25ELi512ELi512ENS_19FlashReadOutBuffer_EE8syncTimeEPh)
    ros::NodeHandle_<ArduinoHardware, (int)25, (int)25, (int)512, (int)512, ros::FlashReadOutBuffer_>::advertise(ros::Publisher&) 0x080054f5   Thumb Code    48  main.o(t._ZN3ros11NodeHandle_I15ArduinoHardwareLi25ELi25ELi512ELi512ENS_19FlashReadOutBuffer_EE9advertiseERNS_9PublisherE)
    ros::NodeHandle_<ArduinoHardware, (int)25, (int)25, (int)512, (int)512, ros::FlashReadOutBuffer_>::NodeHandle_() 0x08005525   Thumb Code   188  main.o(t._ZN3ros11NodeHandle_I15ArduinoHardwareLi25ELi25ELi512ELi512ENS_19FlashReadOutBuffer_EEC1Ev)
    ros::NodeHandle_<ArduinoHardware, (int)25, (int)25, (int)512, (int)512, ros::FlashReadOutBuffer_>::NodeHandle___sub_object() 0x08005525   Thumb Code     0  main.o(t._ZN3ros11NodeHandle_I15ArduinoHardwareLi25ELi25ELi512ELi512ENS_19FlashReadOutBuffer_EEC1Ev)
    void ros::Msg::arrToVar<unsigned, unsigned char*>(T1&, T2) 0x080055f1   Thumb Code    32  main.o(t._ZN3ros3Msg8arrToVarIjPhEEvRT_T0_)
    void ros::Msg::varToArr<unsigned char*, unsigned>(T1, T2) 0x08005611   Thumb Code    22  main.o(t._ZN3ros3Msg8varToArrIPhjEEvT_T0_)
    Print& operator <<<const char*>(Print&, T1) 0x08005627   Thumb Code    18  odrivearduino.o(t._ZlsIPKcER5PrintS3_T_)
    Print& operator <<<int>(Print&, T1)      0x08005639   Thumb Code    20  odrivearduino.o(t._ZlsIiER5PrintS1_T_)
    __aeabi_dneg                             0x0800564d   Thumb Code     0  basic.o(x$fpl$basic)
    _dneg                                    0x0800564d   Thumb Code     6  basic.o(x$fpl$basic)
    __aeabi_fneg                             0x08005653   Thumb Code     0  basic.o(x$fpl$basic)
    _fneg                                    0x08005653   Thumb Code     6  basic.o(x$fpl$basic)
    _dabs                                    0x08005659   Thumb Code     6  basic.o(x$fpl$basic)
    _fabs                                    0x0800565f   Thumb Code     6  basic.o(x$fpl$basic)
    __aeabi_d2f                              0x08005665   Thumb Code     0  d2f.o(x$fpl$d2f)
    _d2f                                     0x08005665   Thumb Code    98  d2f.o(x$fpl$d2f)
    __aeabi_dadd                             0x080056c9   Thumb Code     0  daddsub_clz.o(x$fpl$dadd)
    _dadd                                    0x080056c9   Thumb Code   332  daddsub_clz.o(x$fpl$dadd)
    __fpl_dcheck_NaN1                        0x08005819   Thumb Code    10  dcheck1.o(x$fpl$dcheck1)
    __fpl_dcmp_Inf                           0x08005829   Thumb Code    24  dcmpi.o(x$fpl$dcmpinf)
    __aeabi_ddiv                             0x08005841   Thumb Code     0  ddiv.o(x$fpl$ddiv)
    _ddiv                                    0x08005841   Thumb Code   552  ddiv.o(x$fpl$ddiv)
    __aeabi_cdcmpeq                          0x08005af1   Thumb Code     0  deqf.o(x$fpl$deqf)
    _dcmpeq                                  0x08005af1   Thumb Code   120  deqf.o(x$fpl$deqf)
    __aeabi_d2iz                             0x08005b69   Thumb Code     0  dfix.o(x$fpl$dfix)
    _dfix                                    0x08005b69   Thumb Code    94  dfix.o(x$fpl$dfix)
    __aeabi_i2d                              0x08005bc7   Thumb Code     0  dflt_clz.o(x$fpl$dflt)
    _dflt                                    0x08005bc7   Thumb Code    46  dflt_clz.o(x$fpl$dflt)
    __aeabi_l2d                              0x08005bf5   Thumb Code     0  dfltll_clz.o(x$fpl$dfltll)
    _ll_sto_d                                0x08005bf5   Thumb Code   162  dfltll_clz.o(x$fpl$dfltll)
    __aeabi_cdcmple                          0x08005c99   Thumb Code     0  dleqf.o(x$fpl$dleqf)
    _dcmple                                  0x08005c99   Thumb Code   120  dleqf.o(x$fpl$dleqf)
    __fpl_dcmple_InfNaN                      0x08005cfb   Thumb Code     0  dleqf.o(x$fpl$dleqf)
    __aeabi_dmul                             0x08005d11   Thumb Code     0  dmul.o(x$fpl$dmul)
    _dmul                                    0x08005d11   Thumb Code   332  dmul.o(x$fpl$dmul)
    __fpl_dnaninf                            0x08005e65   Thumb Code   156  dnaninf.o(x$fpl$dnaninf)
    __fpl_dretinf                            0x08005f01   Thumb Code    12  dretinf.o(x$fpl$dretinf)
    __aeabi_cdrcmple                         0x08005f0d   Thumb Code     0  drleqf.o(x$fpl$drleqf)
    _drcmple                                 0x08005f0d   Thumb Code   108  drleqf.o(x$fpl$drleqf)
    __aeabi_drsub                            0x08005f79   Thumb Code     0  daddsub_clz.o(x$fpl$drsb)
    _drsb                                    0x08005f79   Thumb Code    22  daddsub_clz.o(x$fpl$drsb)
    __aeabi_dsub                             0x08005f91   Thumb Code     0  daddsub_clz.o(x$fpl$dsub)
    _dsub                                    0x08005f91   Thumb Code   464  daddsub_clz.o(x$fpl$dsub)
    __aeabi_f2d                              0x08006165   Thumb Code     0  f2d.o(x$fpl$f2d)
    _f2d                                     0x08006165   Thumb Code    86  f2d.o(x$fpl$f2d)
    __fpl_fnaninf                            0x080061bb   Thumb Code   140  fnaninf.o(x$fpl$fnaninf)
    _fp_init                                 0x08006247   Thumb Code    10  fpinit.o(x$fpl$fpinit)
    __fplib_config_fpu_vfp                   0x0800624f   Thumb Code     0  fpinit.o(x$fpl$fpinit)
    __fplib_config_pureend_doubles           0x0800624f   Thumb Code     0  fpinit.o(x$fpl$fpinit)
    __fpl_fretinf                            0x08006251   Thumb Code    10  fretinf.o(x$fpl$fretinf)
    __ieee_status                            0x0800625b   Thumb Code     6  istatus.o(x$fpl$ieeestatus)
    __aeabi_d2lz                             0x08006261   Thumb Code     0  dfixll.o(x$fpl$llsfromd)
    _ll_sfrom_d                              0x08006261   Thumb Code   194  dfixll.o(x$fpl$llsfromd)
    __fpl_return_NaN                         0x08006323   Thumb Code   100  retnan.o(x$fpl$retnan)
    __ARM_scalbn                             0x08006387   Thumb Code    92  scalbn.o(x$fpl$scalbn)
    _scanf_real                              0x080063e3   Thumb Code     4  scanf1.o(x$fpl$scanf1)
    _scanf_hex_real                          0x080063e7   Thumb Code     4  scanf2.o(x$fpl$scanf2)
    _scanf_infnan                            0x080063eb   Thumb Code     4  scanf2.o(x$fpl$scanf2)
    __fpl_cmpreturn                          0x080063ef   Thumb Code    48  trapv.o(x$fpl$trapveneer)
    __I$use$fp                               0x0800641e   Number         0  usenofp.o(x$fpl$usenofp)
    PIN_MAP                                  0x0800643c   Data        2816  gpio.o(.constdata)
    vtable for HardwareSerial                0x08006fd0   Data          36  hardwareserial.o(.constdata__ZTV14HardwareSerial)
    vtable for Print                         0x08006ff4   Data          20  print.o(.constdata__ZTV5Print)
    vtable for Stream                        0x08007008   Data          36  hardwareserial.o(.constdata__ZTV6Stream)
    vtable for TwoWire                       0x0800702c   Data          16  wire.o(.constdata__ZTV7TwoWire)
    vtable for WireBase                      0x0800703c   Data          16  wirebase.o(.constdata__ZTV8WireBase)
    vtable for geometry_msgs::Twist          0x0800704c   Data          24  main.o(.constdata__ZTVN13geometry_msgs5TwistE)
    vtable for geometry_msgs::Vector3        0x08007064   Data          24  main.o(.constdata__ZTVN13geometry_msgs7Vector3E)
    vtable for rosserial_msgs::RequestParamResponse 0x0800707c   Data          24  main.o(.constdata__ZTVN14rosserial_msgs20RequestParamResponseE)
    vtable for rosserial_msgs::Log           0x08007094   Data          24  main.o(.constdata__ZTVN14rosserial_msgs3LogE)
    vtable for rosserial_msgs::TopicInfo     0x080070ac   Data          24  main.o(.constdata__ZTVN14rosserial_msgs9TopicInfoE)
    vtable for ros::Subscriber<geometry_msgs::Twist, void> 0x080070c4   Data          24  main.o(.constdata__ZTVN3ros10SubscriberIN13geometry_msgs5TwistEvEE)
    vtable for ros::Subscriber<riki_msgs::PID, void> 0x080070dc   Data          24  main.o(.constdata__ZTVN3ros10SubscriberIN9riki_msgs3PIDEvEE)
    vtable for ros::NodeHandle_<ArduinoHardware, (int)25, (int)25, (int)512, (int)512, ros::FlashReadOutBuffer_> 0x080070f4   Data          20  main.o(.constdata__ZTVN3ros11NodeHandle_I15ArduinoHardwareLi25ELi25ELi512ELi512ENS_19FlashReadOutBuffer_EEE)
    vtable for ros::Subscriber_              0x08007108   Data          24  main.o(.constdata__ZTVN3ros11Subscriber_E)
    vtable for ros::NodeHandleBase_          0x08007120   Data          20  main.o(.constdata__ZTVN3ros15NodeHandleBase_E)
    vtable for ros::FlashReadOutBuffer_      0x08007134   Data          24  main.o(.constdata__ZTVN3ros19FlashReadOutBuffer_E)
    vtable for ros::DefaultReadOutBuffer_    0x0800714c   Data          24  main.o(.constdata__ZTVN3ros21DefaultReadOutBuffer_E)
    vtable for ros::Msg                      0x08007164   Data          24  main.o(.constdata__ZTVN3ros3MsgE)
    vtable for std_msgs::Time                0x0800717c   Data          24  main.o(.constdata__ZTVN8std_msgs4TimeE)
    vtable for riki_msgs::Velocities         0x08007194   Data          24  main.o(.constdata__ZTVN9riki_msgs10VelocitiesE)
    vtable for riki_msgs::Imu                0x080071ac   Data          24  main.o(.constdata__ZTVN9riki_msgs3ImuE)
    vtable for riki_msgs::PID                0x080071c4   Data          24  main.o(.constdata__ZTVN9riki_msgs3PIDE)
    vtable for riki_msgs::Battery            0x080071dc   Data          24  main.o(.constdata__ZTVN9riki_msgs7BatteryE)
    geometry_msgs::Twist::getMD5()::string   0x080071f4   Data          33  main.o(.constdata__ZZN13geometry_msgs5Twist6getMD5EvEs)
    geometry_msgs::Twist::getType()::string  0x08007215   Data          20  main.o(.constdata__ZZN13geometry_msgs5Twist7getTypeEvEs)
    geometry_msgs::Vector3::getMD5()::string 0x08007229   Data          33  main.o(.constdata__ZZN13geometry_msgs7Vector36getMD5EvEs)
    geometry_msgs::Vector3::getType()::string 0x0800724a   Data          22  main.o(.constdata__ZZN13geometry_msgs7Vector37getTypeEvEs)
    rosserial_msgs::RequestParamResponse::getMD5()::string 0x08007260   Data          33  main.o(.constdata__ZZN14rosserial_msgs20RequestParamResponse6getMD5EvEs)
    rosserial_msgs::Log::getMD5()::string    0x08007281   Data          33  main.o(.constdata__ZZN14rosserial_msgs3Log6getMD5EvEs)
    rosserial_msgs::Log::getType()::string   0x080072a2   Data          19  main.o(.constdata__ZZN14rosserial_msgs3Log7getTypeEvEs)
    rosserial_msgs::Log::Log()::string       0x080072b5   Data           1  main.o(.constdata__ZZN14rosserial_msgs3LogC1EvEs)
    rosserial_msgs::TopicInfo::getMD5()::string 0x080072b6   Data          33  main.o(.constdata__ZZN14rosserial_msgs9TopicInfo6getMD5EvEs)
    rosserial_msgs::TopicInfo::getType()::string 0x080072d7   Data          25  main.o(.constdata__ZZN14rosserial_msgs9TopicInfo7getTypeEvEs)
    rosserial_msgs::TopicInfo::TopicInfo()::string 0x080072f0   Data           1  main.o(.constdata__ZZN14rosserial_msgs9TopicInfoC1EvEs)
    ros::NodeHandle_<ArduinoHardware, (int)25, (int)25, (int)512, (int)512, ros::FlashReadOutBuffer_>::negotiateTopics()::string 0x080072f1   Data          20  main.o(.constdata__ZZN3ros11NodeHandle_I15ArduinoHardwareLi25ELi25ELi512ELi512ENS_19FlashReadOutBuffer_EE15negotiateTopicsEvEs)
    ros::NodeHandle_<ArduinoHardware, (int)25, (int)25, (int)512, (int)512, ros::FlashReadOutBuffer_>::negotiateTopics()::string (instance 2) 0x08007305   Data          20  main.o(.constdata__ZZN3ros11NodeHandle_I15ArduinoHardwareLi25ELi25ELi512ELi512ENS_19FlashReadOutBuffer_EE15negotiateTopicsEvEs_0)
    ros::NodeHandle_<ArduinoHardware, (int)25, (int)25, (int)512, (int)512, ros::FlashReadOutBuffer_>::publish(int, const ros::Msg*)::string 0x08007319   Data          57  main.o(.constdata__ZZN3ros11NodeHandle_I15ArduinoHardwareLi25ELi25ELi512ELi512ENS_19FlashReadOutBuffer_EE7publishEiPKNS_3MsgEEs)
    ros::DefaultReadOutBuffer_::readTopic(const char*, bool)::string 0x08007352   Data           2  main.o(.constdata__ZZN3ros21DefaultReadOutBuffer_9readTopicEPKcbEs)
    std_msgs::Time::getMD5()::string         0x08007354   Data          33  main.o(.constdata__ZZN8std_msgs4Time6getMD5EvEs)
    std_msgs::Time::getType()::string        0x08007375   Data          14  main.o(.constdata__ZZN8std_msgs4Time7getTypeEvEs)
    riki_msgs::Velocities::getMD5()::string  0x08007383   Data          33  main.o(.constdata__ZZN9riki_msgs10Velocities6getMD5EvEs)
    riki_msgs::Velocities::getType()::string 0x080073a4   Data          21  main.o(.constdata__ZZN9riki_msgs10Velocities7getTypeEvEs)
    riki_msgs::Imu::getMD5()::string         0x080073b9   Data          33  main.o(.constdata__ZZN9riki_msgs3Imu6getMD5EvEs)
    riki_msgs::Imu::getType()::string        0x080073da   Data          14  main.o(.constdata__ZZN9riki_msgs3Imu7getTypeEvEs)
    riki_msgs::PID::getMD5()::string         0x080073e8   Data          33  main.o(.constdata__ZZN9riki_msgs3PID6getMD5EvEs)
    riki_msgs::PID::getType()::string        0x08007409   Data          14  main.o(.constdata__ZZN9riki_msgs3PID7getTypeEvEs)
    riki_msgs::Battery::getMD5()::string     0x08007417   Data          33  main.o(.constdata__ZZN9riki_msgs7Battery6getMD5EvEs)
    riki_msgs::Battery::getType()::string    0x08007438   Data          18  main.o(.constdata__ZZN9riki_msgs7Battery7getTypeEvEs)
    Region$$Table$$Base                      0x0800744c   Number         0  anon$$obj.o(Region$$Table)
    Region$$Table$$Limit                     0x0800746c   Number         0  anon$$obj.o(Region$$Table)
    __aeabi_HUGE_VAL                         0x0800746c   Data           0  fpconst.o(c$$dinf)
    __aeabi_HUGE_VALL                        0x0800746c   Data           0  fpconst.o(c$$dinf)
    __aeabi_INFINITY                         0x0800746c   Data           0  fpconst.o(c$$dinf)
    __dInf                                   0x0800746c   Data           0  fpconst.o(c$$dinf)
    __huge_val                               0x0800746c   Data           0  fpconst.o(c$$dinf)
    __dbl_max                                0x08007474   Data           0  fpconst.o(c$$dmax)
    __ctype                                  0x08007489   Data           0  lc_ctype_c.o(locale$$data)
    SHT$$INIT_ARRAY$$Base                    0x080075a8   Number         0  main.o(.init_array)
    SHT$$INIT_ARRAY$$Limit                   0x080075b8   Number         0  init_aeabi.o(.init_array)
    odrive_serial                            0x20000000   Data           4  main.o(.data)
    odrive_serial1                           0x20000004   Data           4  main.o(.data)
    odrive                                   0x20000008   Data           4  main.o(.data)
    odrive1                                  0x2000000c   Data           4  main.o(.data)
    accel                                    0x20000010   Data           1  main.o(.data)
    gyro                                     0x20000011   Data           1  main.o(.data)
    mag                                      0x20000012   Data           1  main.o(.data)
    is_first                                 0x20000013   Data           1  main.o(.data)
    required_angular_vel_z                   0x20000018   Data           8  main.o(.data)
    required_linear_vel_x                    0x20000020   Data           8  main.o(.data)
    required_linear_vel_y                    0x20000028   Data           8  main.o(.data)
    previous_command_time                    0x20000030   Data           4  main.o(.data)
    previous_battery_debug_time              0x20000034   Data           4  main.o(.data)
    previous_debug_time                      0x20000038   Data           4  main.o(.data)
    previous_imu_time                        0x2000003c   Data           4  main.o(.data)
    previous_control_time                    0x20000040   Data           4  main.o(.data)
    publish_vel_time                         0x20000044   Data           4  main.o(.data)
    battery_buffer                           0x20000048   Data          48  main.o(.data)
    gx                                       0x20000078   Data           8  main.o(.data)
    gy                                       0x20000080   Data           8  main.o(.data)
    gz                                       0x20000088   Data           8  main.o(.data)
    ax                                       0x20000090   Data           8  main.o(.data)
    ay                                       0x20000098   Data           8  main.o(.data)
    az                                       0x200000a0   Data           8  main.o(.data)
    raw_battery_msg                          0x200000a8   Data           8  main.o(.data)
    SystemCoreClock                          0x200000cc   Data           4  system_stm32f4xx.o(.data)
    AHBPrescTable                            0x200000d0   Data          16  system_stm32f4xx.o(.data)
    kinematics                               0x200000e0   Data          20  main.o(.bss)
    motor1_pid                               0x200000f8   Data          48  main.o(.bss)
    motor2_pid                               0x20000128   Data          48  main.o(.bss)
    motor3_pid                               0x20000158   Data          48  main.o(.bss)
    motor4_pid                               0x20000188   Data          48  main.o(.bss)
    imu2                                     0x200001b8   Data         156  main.o(.bss)
    bat                                      0x20000254   Data          12  main.o(.bss)
    motor1                                   0x20000260   Data          24  main.o(.bss)
    motor2                                   0x20000278   Data          24  main.o(.bss)
    motor3                                   0x20000290   Data          24  main.o(.bss)
    motor4                                   0x200002a8   Data          24  main.o(.bss)
    nh                                       0x200002c0   Data        1328  main.o(.bss)
    raw_imu_msg                              0x200007f0   Data          52  main.o(.bss)
    raw_vel_msg                              0x20000824   Data          16  main.o(.bss)
    cmd_sub                                  0x20000834   Data          60  main.o(.bss)
    pid_sub                                  0x20000870   Data          40  main.o(.bss)
    raw_vel_pub                              0x20000898   Data          24  main.o(.bss)
    raw_imu_pub                              0x200008b0   Data          24  main.o(.bss)
    raw_battery_pub                          0x200008c8   Data          24  main.o(.bss)
    Serial                                   0x200008e0   Data         156  hardwareserial.o(.bss)
    Serial2                                  0x2000097c   Data         156  hardwareserial.o(.bss)
    Serial6                                  0x20000a18   Data         156  hardwareserial.o(.bss)
    Wire                                     0x20000ab4   Data          88  wire.o(.bss)
    SPI                                      0x20000b0c   Data          28  spi.o(.bss)
    SPI_2                                    0x20000b28   Data          28  spi.o(.bss)
    SPI_3                                    0x20000b44   Data          28  spi.o(.bss)
    __libspace_start                         0x20000c20   Data          96  libspace.o(.bss)
    __temporary_stack_top$libspace           0x20000c80   Data           0  libspace.o(.bss)



==============================================================================

Memory Map of the image

  Image Entry point : 0x08000199

  Load Region LR_IROM1 (Base: 0x08000000, Size: 0x00007698, Max: 0x00080000, ABSOLUTE)

    Execution Region ER_IROM1 (Exec base: 0x08000000, Load base: 0x08000000, Size: 0x000075b8, Max: 0x00080000, ABSOLUTE)

    Exec Addr    Load Addr    Size         Type   Attr      Idx    E Section Name        Object

    0x08000000   0x08000000   0x00000198   Data   RO         9524    RESET               startup_stm32f411xe.o
    0x08000198   0x08000198   0x00000008   Code   RO         9723  * !!!main             c_w.l(__main.o)
    0x080001a0   0x080001a0   0x00000034   Code   RO        10466    !!!scatter          c_w.l(__scatter.o)
    0x080001d4   0x080001d4   0x0000001a   Code   RO        10468    !!handler_copy      c_w.l(__scatter_copy.o)
    0x080001ee   0x080001ee   0x00000002   PAD
    0x080001f0   0x080001f0   0x0000001c   Code   RO        10470    !!handler_zi        c_w.l(__scatter_zi.o)
    0x0800020c   0x0800020c   0x00000002   Code   RO        10341    .ARM.Collect$$libinit$$00000000  c_w.l(libinit.o)
    0x0800020e   0x0800020e   0x00000004   Code   RO        10059    .ARM.Collect$$libinit$$00000001  c_w.l(libinit2.o)
    0x08000212   0x08000212   0x00000000   Code   RO        10062    .ARM.Collect$$libinit$$00000004  c_w.l(libinit2.o)
    0x08000212   0x08000212   0x00000008   Code   RO        10063    .ARM.Collect$$libinit$$00000005  c_w.l(libinit2.o)
    0x0800021a   0x0800021a   0x00000000   Code   RO        10065    .ARM.Collect$$libinit$$0000000A  c_w.l(libinit2.o)
    0x0800021a   0x0800021a   0x00000000   Code   RO        10067    .ARM.Collect$$libinit$$0000000C  c_w.l(libinit2.o)
    0x0800021a   0x0800021a   0x00000000   Code   RO        10069    .ARM.Collect$$libinit$$0000000E  c_w.l(libinit2.o)
    0x0800021a   0x0800021a   0x00000006   Code   RO        10070    .ARM.Collect$$libinit$$0000000F  c_w.l(libinit2.o)
    0x08000220   0x08000220   0x00000000   Code   RO        10072    .ARM.Collect$$libinit$$00000011  c_w.l(libinit2.o)
    0x08000220   0x08000220   0x0000000c   Code   RO        10073    .ARM.Collect$$libinit$$00000012  c_w.l(libinit2.o)
    0x0800022c   0x0800022c   0x00000000   Code   RO        10074    .ARM.Collect$$libinit$$00000013  c_w.l(libinit2.o)
    0x0800022c   0x0800022c   0x00000000   Code   RO        10076    .ARM.Collect$$libinit$$00000015  c_w.l(libinit2.o)
    0x0800022c   0x0800022c   0x0000000a   Code   RO        10077    .ARM.Collect$$libinit$$00000016  c_w.l(libinit2.o)
    0x08000236   0x08000236   0x00000000   Code   RO        10078    .ARM.Collect$$libinit$$00000017  c_w.l(libinit2.o)
    0x08000236   0x08000236   0x00000000   Code   RO        10080    .ARM.Collect$$libinit$$00000019  c_w.l(libinit2.o)
    0x08000236   0x08000236   0x00000000   Code   RO        10082    .ARM.Collect$$libinit$$0000001B  c_w.l(libinit2.o)
    0x08000236   0x08000236   0x00000000   Code   RO        10084    .ARM.Collect$$libinit$$0000001D  c_w.l(libinit2.o)
    0x08000236   0x08000236   0x00000000   Code   RO        10086    .ARM.Collect$$libinit$$0000001F  c_w.l(libinit2.o)
    0x08000236   0x08000236   0x00000000   Code   RO        10088    .ARM.Collect$$libinit$$00000021  c_w.l(libinit2.o)
    0x08000236   0x08000236   0x00000000   Code   RO        10090    .ARM.Collect$$libinit$$00000023  c_w.l(libinit2.o)
    0x08000236   0x08000236   0x00000000   Code   RO        10092    .ARM.Collect$$libinit$$00000025  c_w.l(libinit2.o)
    0x08000236   0x08000236   0x00000000   Code   RO        10096    .ARM.Collect$$libinit$$0000002C  c_w.l(libinit2.o)
    0x08000236   0x08000236   0x00000000   Code   RO        10098    .ARM.Collect$$libinit$$0000002E  c_w.l(libinit2.o)
    0x08000236   0x08000236   0x00000000   Code   RO        10100    .ARM.Collect$$libinit$$00000030  c_w.l(libinit2.o)
    0x08000236   0x08000236   0x00000004   Code   RO        10101    .ARM.Collect$$libinit$$00000031  c_w.l(libinit2.o)
    0x0800023a   0x0800023a   0x00000000   Code   RO        10102    .ARM.Collect$$libinit$$00000032  c_w.l(libinit2.o)
    0x0800023a   0x0800023a   0x00000002   Code   RO        10103    .ARM.Collect$$libinit$$00000033  c_w.l(libinit2.o)
    0x0800023c   0x0800023c   0x00000002   Code   RO        10424    .ARM.Collect$$libshutdown$$00000000  c_w.l(libshutdown.o)
    0x0800023e   0x0800023e   0x00000006   Code   RO        10244    .ARM.Collect$$libshutdown$$00000001  c_w.l(libshutdown2.o)
    0x08000244   0x08000244   0x00000000   Code   RO        10245    .ARM.Collect$$libshutdown$$00000002  c_w.l(libshutdown2.o)
    0x08000244   0x08000244   0x00000000   Code   RO        10247    .ARM.Collect$$libshutdown$$00000004  c_w.l(libshutdown2.o)
    0x08000244   0x08000244   0x00000000   Code   RO        10250    .ARM.Collect$$libshutdown$$00000007  c_w.l(libshutdown2.o)
    0x08000244   0x08000244   0x00000000   Code   RO        10253    .ARM.Collect$$libshutdown$$0000000A  c_w.l(libshutdown2.o)
    0x08000244   0x08000244   0x00000000   Code   RO        10255    .ARM.Collect$$libshutdown$$0000000C  c_w.l(libshutdown2.o)
    0x08000244   0x08000244   0x00000000   Code   RO        10258    .ARM.Collect$$libshutdown$$0000000F  c_w.l(libshutdown2.o)
    0x08000244   0x08000244   0x00000002   Code   RO        10259    .ARM.Collect$$libshutdown$$00000010  c_w.l(libshutdown2.o)
    0x08000246   0x08000246   0x00000000   Code   RO         9921    .ARM.Collect$$rtentry$$00000000  c_w.l(__rtentry.o)
    0x08000246   0x08000246   0x00000000   Code   RO        10154    .ARM.Collect$$rtentry$$00000002  c_w.l(__rtentry2.o)
    0x08000246   0x08000246   0x00000006   Code   RO        10166    .ARM.Collect$$rtentry$$00000004  c_w.l(__rtentry4.o)
    0x0800024c   0x0800024c   0x00000000   Code   RO        10156    .ARM.Collect$$rtentry$$00000009  c_w.l(__rtentry2.o)
    0x0800024c   0x0800024c   0x00000004   Code   RO        10157    .ARM.Collect$$rtentry$$0000000A  c_w.l(__rtentry2.o)
    0x08000250   0x08000250   0x00000000   Code   RO        10159    .ARM.Collect$$rtentry$$0000000C  c_w.l(__rtentry2.o)
    0x08000250   0x08000250   0x00000008   Code   RO        10160    .ARM.Collect$$rtentry$$0000000D  c_w.l(__rtentry2.o)
    0x08000258   0x08000258   0x00000002   Code   RO        10357    .ARM.Collect$$rtexit$$00000000  c_w.l(rtexit.o)
    0x0800025a   0x0800025a   0x00000000   Code   RO        10392    .ARM.Collect$$rtexit$$00000002  c_w.l(rtexit2.o)
    0x0800025a   0x0800025a   0x00000004   Code   RO        10393    .ARM.Collect$$rtexit$$00000003  c_w.l(rtexit2.o)
    0x0800025e   0x0800025e   0x00000006   Code   RO        10394    .ARM.Collect$$rtexit$$00000004  c_w.l(rtexit2.o)
    0x08000264   0x08000264   0x00000000   Code   RO        10179    .emb_text           c_w.l(maybetermalloc1.o)
    0x08000264   0x08000264   0x00000040   Code   RO         9525    .text               startup_stm32f411xe.o
    0x080002a4   0x080002a4   0x00000010   Code   RO         9572    .text               c_w.l(rt_ctype_table.o)
    0x080002b4   0x080002b4   0x0000005e   Code   RO         9580    .text               c_w.l(h1_alloc.o)
    0x08000312   0x08000312   0x0000004e   Code   RO         9582    .text               c_w.l(h1_free.o)
    0x08000360   0x08000360   0x000000b8   Code   RO         9584    .text               c_w.l(h1_realloc.o)
    0x08000418   0x08000418   0x000000ee   Code   RO         9642    .text               c_w.l(lludivv7m.o)
    0x08000506   0x08000506   0x0000002e   Code   RO         9696    .text               c_w.l(aeabi_atexit.o)
    0x08000534   0x08000534   0x00000048   Code   RO         9705    .text               c_w.l(strcpy.o)
    0x0800057c   0x0800057c   0x0000003e   Code   RO         9709    .text               c_w.l(strlen.o)
    0x080005ba   0x080005ba   0x0000008a   Code   RO         9713    .text               c_w.l(rt_memcpy_v6.o)
    0x08000644   0x08000644   0x00000080   Code   RO         9719    .text               c_w.l(strcmpv7m.o)
    0x080006c4   0x080006c4   0x00000006   Code   RO         9721    .text               c_w.l(heapauxi.o)
    0x080006ca   0x080006ca   0x00000002   PAD
    0x080006cc   0x080006cc   0x00000024   Code   RO         9728    .text               c_w.l(init_aeabi.o)
    0x080006f0   0x080006f0   0x00000008   Code   RO         9929    .text               c_w.l(rt_heap_descriptor_intlibspace.o)
    0x080006f8   0x080006f8   0x00000008   Code   RO         9934    .text               c_w.l(rt_locale_intlibspace.o)
    0x08000700   0x08000700   0x00000008   Code   RO         9939    .text               c_w.l(rt_ddtor_pointer_addr_intlibspace.o)
    0x08000708   0x08000708   0x00000008   Code   RO         9944    .text               c_w.l(rt_errno_addr_intlibspace.o)
    0x08000710   0x08000710   0x00000004   Code   RO         9946    .text               c_w.l(hguard.o)
    0x08000714   0x08000714   0x0000008a   Code   RO         9948    .text               c_w.l(init_alloc.o)
    0x0800079e   0x0800079e   0x0000000e   Code   RO         9952    .text               c_w.l(h1_init.o)
    0x080007ac   0x080007ac   0x00000016   Code   RO         9966    .text               c_w.l(_rserrno.o)
    0x080007c2   0x080007c2   0x00000002   PAD
    0x080007c4   0x080007c4   0x000000a4   Code   RO        10037    .text               c_w.l(strtod.o)
    0x08000868   0x08000868   0x00000042   Code   RO        10044    .text               c_w.l(cxa_finalize.o)
    0x080008aa   0x080008aa   0x0000000e   Code   RO        10047    .text               c_w.l(defsig_pvfn_outer.o)
    0x080008b8   0x080008b8   0x00000064   Code   RO        10051    .text               c_w.l(rt_memcpy_w.o)
    0x0800091c   0x0800091c   0x00000008   Code   RO        10150    .text               c_w.l(libspace.o)
    0x08000924   0x08000924   0x00000008   Code   RO        10175    .text               c_w.l(rt_new_handler_addr_intlibspace.o)
    0x0800092c   0x0800092c   0x00000034   Code   RO        10181    .text               c_w.l(h1_extend.o)
    0x08000960   0x08000960   0x00000040   Code   RO        10195    .text               c_w.l(_sgetc.o)
    0x080009a0   0x080009a0   0x000000e4   Code   RO        10199    .text               c_w.l(bigflt0.o)
    0x08000a84   0x08000a84   0x0000000a   Code   RO        10229    .text               c_w.l(defsig_exit.o)
    0x08000a8e   0x08000a8e   0x0000000e   Code   RO        10231    .text               c_w.l(defsig_rtmem_outer.o)
    0x08000a9c   0x08000a9c   0x00000030   Code   RO        10235    .text               c_w.l(defsig_pvfn_inner.o)
    0x08000acc   0x08000acc   0x00000004   Code   RO        10263    .text               cpprt_w.l(arm_newhandler_noexceptions.o)
    0x08000ad0   0x08000ad0   0x0000001a   Code   RO        10279    .text               cpprt_w.l(arm_exceptions_terminate.o)
    0x08000aea   0x08000aea   0x00000002   PAD
    0x08000aec   0x08000aec   0x00000050   Code   RO        10286    .text               cpprt_w.l(arm_exceptions_globs.o)
    0x08000b3c   0x08000b3c   0x0000000c   Code   RO        10300    .text               c_w.l(sys_exit.o)
    0x08000b48   0x08000b48   0x00000002   Code   RO        10302    .text               c_w.l(use_no_semi.o)
    0x08000b4a   0x08000b4a   0x00000000   Code   RO        10304    .text               c_w.l(indicate_semi.o)
    0x08000b4a   0x08000b4a   0x0000004a   Code   RO        10305    .text               c_w.l(sys_stackheap_outer.o)
    0x08000b94   0x08000b94   0x00000008   Code   RO        10310    .text               c_w.l(rt_eh_globals_addr_intlibspace.o)
    0x08000b9c   0x08000b9c   0x0000001c   Code   RO        10314    .text               c_w.l(_chval.o)
    0x08000bb8   0x08000bb8   0x000004f8   Code   RO        10316    .text               c_w.l(scanf_fp.o)
    0x080010b0   0x080010b0   0x00000012   Code   RO        10318    .text               c_w.l(exit.o)
    0x080010c2   0x080010c2   0x00000016   Code   RO        10320    .text               c_w.l(abort.o)
    0x080010d8   0x080010d8   0x00000032   Code   RO        10324    .text               c_w.l(defsig_general.o)
    0x0800110a   0x0800110a   0x00000002   PAD
    0x0800110c   0x0800110c   0x00000050   Code   RO        10330    .text               c_w.l(defsig_rtmem_inner.o)
    0x0800115c   0x0800115c   0x0000003c   Code   RO        10345    .text               cpprt_w.l(arm_exceptions_mem.o)
    0x08001198   0x08001198   0x0000000e   Code   RO        10355    .text               c_w.l(sys_wrch.o)
    0x080011a6   0x080011a6   0x0000000e   Code   RO        10365    .text               c_w.l(defsig_abrt_outer.o)
    0x080011b4   0x080011b4   0x00000320   Code   RO        10398    .text               c_w.l(scanf_hexfp.o)
    0x080014d4   0x080014d4   0x00000134   Code   RO        10400    .text               c_w.l(scanf_infnan.o)
    0x08001608   0x08001608   0x00000030   Code   RO        10402    .text               c_w.l(defsig_abrt_inner.o)
    0x08001638   0x08001638   0x00000026   Code   RO        10420    .text               c_w.l(llshl.o)
    0x0800165e   0x0800165e   0x00000338   Code   RO        10212    CL$$btod_div_common  c_w.l(btod.o)
    0x08001996   0x08001996   0x00000002   PAD
    0x08001998   0x08001998   0x00000084   Code   RO        10210    CL$$btod_e2d        c_w.l(btod.o)
    0x08001a1c   0x08001a1c   0x000000dc   Code   RO        10209    CL$$btod_e2e        c_w.l(btod.o)
    0x08001af8   0x08001af8   0x0000002a   Code   RO        10206    CL$$btod_ediv       c_w.l(btod.o)
    0x08001b22   0x08001b22   0x0000002a   Code   RO        10208    CL$$btod_edivd      c_w.l(btod.o)
    0x08001b4c   0x08001b4c   0x0000002a   Code   RO        10205    CL$$btod_emul       c_w.l(btod.o)
    0x08001b76   0x08001b76   0x0000002a   Code   RO        10207    CL$$btod_emuld      c_w.l(btod.o)
    0x08001ba0   0x08001ba0   0x00000244   Code   RO        10211    CL$$btod_mult_common  c_w.l(btod.o)
    0x08001de4   0x08001de4   0x00000016   Code   RO         6574    i.ADC_Cmd           stm32f4xx_adc.o
    0x08001dfa   0x08001dfa   0x00000002   PAD
    0x08001dfc   0x08001dfc   0x00000030   Code   RO         6575    i.ADC_CommonInit    stm32f4xx_adc.o
    0x08001e2c   0x08001e2c   0x000000bc   Code   RO         3840    i.ADC_DMA_Register  adc.o
    0x08001ee8   0x08001ee8   0x00000030   Code   RO         3841    i.ADC_DMA_SearchChannel  adc.o
    0x08001f18   0x08001f18   0x00000054   Code   RO         6594    i.ADC_Init          stm32f4xx_adc.o
    0x08001f6c   0x08001f6c   0x00000098   Code   RO         3843    i.ADCx_Init         adc.o
    0x08002004   0x08002004   0x0000004c   Code   RO         3898    i.Delay_Init        delay.o
    0x08002050   0x08002050   0x00000028   Code   RO         3985    i.EXTI0_IRQHandler  exti.o
    0x08002078   0x08002078   0x000000d4   Code   RO         3986    i.EXTI15_10_IRQHandler  exti.o
    0x0800214c   0x0800214c   0x00000028   Code   RO         3987    i.EXTI1_IRQHandler  exti.o
    0x08002174   0x08002174   0x00000028   Code   RO         3988    i.EXTI2_IRQHandler  exti.o
    0x0800219c   0x0800219c   0x00000028   Code   RO         3989    i.EXTI3_IRQHandler  exti.o
    0x080021c4   0x080021c4   0x00000028   Code   RO         3990    i.EXTI4_IRQHandler  exti.o
    0x080021ec   0x080021ec   0x000000a8   Code   RO         3991    i.EXTI9_5_IRQHandler  exti.o
    0x08002294   0x08002294   0x0000000c   Code   RO         7127    i.EXTI_ClearITPendingBit  stm32f4xx_exti.o
    0x080022a0   0x080022a0   0x00000018   Code   RO         7131    i.EXTI_GetITStatus  stm32f4xx_exti.o
    0x080022b8   0x080022b8   0x00000014   Code   RO         4075    i.GPIO_GetPinSource  gpio.o
    0x080022cc   0x080022cc   0x00000090   Code   RO         7487    i.GPIO_Init         stm32f4xx_gpio.o
    0x0800235c   0x0800235c   0x00000046   Code   RO         7488    i.GPIO_PinAFConfig  stm32f4xx_gpio.o
    0x080023a2   0x080023a2   0x00000002   PAD
    0x080023a4   0x080023a4   0x0000012c   Code   RO         4077    i.GPIOx_Init        gpio.o
    0x080024d0   0x080024d0   0x00000078   Code   RO         6456    i.NVIC_Init         misc.o
    0x08002548   0x08002548   0x00000014   Code   RO         6457    i.NVIC_PriorityGroupConfig  misc.o
    0x0800255c   0x0800255c   0x00000020   Code   RO         7771    i.RCC_AHB1PeriphClockCmd  stm32f4xx_rcc.o
    0x0800257c   0x0800257c   0x00000020   Code   RO         7777    i.RCC_APB1PeriphClockCmd  stm32f4xx_rcc.o
    0x0800259c   0x0800259c   0x00000020   Code   RO         7780    i.RCC_APB2PeriphClockCmd  stm32f4xx_rcc.o
    0x080025bc   0x080025bc   0x00000020   Code   RO         7782    i.RCC_APB2PeriphResetCmd  stm32f4xx_rcc.o
    0x080025dc   0x080025dc   0x000000e8   Code   RO         7789    i.RCC_GetClocksFreq  stm32f4xx_rcc.o
    0x080026c4   0x080026c4   0x0000009c   Code   RO         9532    i.SetSysClock       system_stm32f4xx.o
    0x08002760   0x08002760   0x00000010   Code   RO         3899    i.SysTick_Handler   delay.o
    0x08002770   0x08002770   0x000000a8   Code   RO         9533    i.SystemCoreClockUpdate  system_stm32f4xx.o
    0x08002818   0x08002818   0x00000068   Code   RO         9534    i.SystemInit        system_stm32f4xx.o
    0x08002880   0x08002880   0x00000030   Code   RO         4189    i.TIM1_BRK_TIM9_IRQHandler  timer.o
    0x080028b0   0x080028b0   0x00000030   Code   RO         4190    i.TIM1_TRG_COM_TIM11_IRQHandler  timer.o
    0x080028e0   0x080028e0   0x00000054   Code   RO         4191    i.TIM1_UP_TIM10_IRQHandler  timer.o
    0x08002934   0x08002934   0x0000002c   Code   RO         4192    i.TIM2_IRQHandler   timer.o
    0x08002960   0x08002960   0x00000030   Code   RO         4193    i.TIM3_IRQHandler   timer.o
    0x08002990   0x08002990   0x00000030   Code   RO         4194    i.TIM4_IRQHandler   timer.o
    0x080029c0   0x080029c0   0x00000030   Code   RO         4195    i.TIM5_IRQHandler   timer.o
    0x080029f0   0x080029f0   0x00000006   Code   RO         8706    i.TIM_ClearITPendingBit  stm32f4xx_tim.o
    0x080029f6   0x080029f6   0x00000022   Code   RO         8732    i.TIM_GetITStatus   stm32f4xx_tim.o
    0x08002a18   0x08002a18   0x00000010   Code   RO         3185    i.USART1_IRQHandler  hardwareserial.o
    0x08002a28   0x08002a28   0x00000010   Code   RO         3186    i.USART2_IRQHandler  hardwareserial.o
    0x08002a38   0x08002a38   0x00000010   Code   RO         3187    i.USART6_IRQHandler  hardwareserial.o
    0x08002a48   0x08002a48   0x0000001e   Code   RO         9265    i.USART_ClearITPendingBit  stm32f4xx_usart.o
    0x08002a66   0x08002a66   0x00000018   Code   RO         9268    i.USART_Cmd         stm32f4xx_usart.o
    0x08002a7e   0x08002a7e   0x0000001a   Code   RO         9271    i.USART_GetFlagStatus  stm32f4xx_usart.o
    0x08002a98   0x08002a98   0x00000054   Code   RO         9272    i.USART_GetITStatus  stm32f4xx_usart.o
    0x08002aec   0x08002aec   0x0000004a   Code   RO         9274    i.USART_ITConfig    stm32f4xx_usart.o
    0x08002b36   0x08002b36   0x00000002   PAD
    0x08002b38   0x08002b38   0x000000d4   Code   RO         9275    i.USART_Init        stm32f4xx_usart.o
    0x08002c0c   0x08002c0c   0x0000000a   Code   RO         9282    i.USART_ReceiveData  stm32f4xx_usart.o
    0x08002c16   0x08002c16   0x00000008   Code   RO         9285    i.USART_SendData    stm32f4xx_usart.o
    0x08002c1e   0x08002c1e   0x00000002   PAD
    0x08002c20   0x08002c20   0x00000090   Code   RO            7    i._Z12pid_callbackRKN9riki_msgs3PIDE  main.o
    0x08002cb0   0x08002cb0   0x00000054   Code   RO            8    i._Z16command_callbackRKN13geometry_msgs5TwistE  main.o
    0x08002d04   0x08002d04   0x00000044   Code   RO            9    i._Z4loopv          main.o
    0x08002d48   0x08002d48   0x00000114   Code   RO           10    i._Z5setupv         main.o
    0x08002e5c   0x08002e5c   0x00000148   Code   RO           12    i._Z9move_basev     main.o
    0x08002fa4   0x08002fa4   0x00000034   Code   RO           13    i._Z9stop_basev     main.o
    0x08002fd8   0x08002fd8   0x000000a4   Code   RO         4525    i._ZN10Kinematics12calculateRPMEfff  kinematics.o
    0x0800307c   0x0800307c   0x00000094   Code   RO         4526    i._ZN10Kinematics13getVelocitiesEffff  kinematics.o
    0x08003110   0x08003110   0x00000054   Code   RO         4527    i._ZN10Kinematics6getRPMEfff  kinematics.o
    0x08003164   0x08003164   0x00000024   Code   RO         4528    i._ZN10KinematicsC1Eifff  kinematics.o
    0x08003188   0x08003188   0x00000060   Code   RO         1727    i._ZN13ODriveArduino10readStringEv  odrivearduino.o
    0x080031e8   0x080031e8   0x0000004c   Code   RO         1729    i._ZN13ODriveArduino11GetVelocityEi  odrivearduino.o
    0x08003234   0x08003234   0x00000028   Code   RO         1733    i._ZN13ODriveArduino11SetVelocityEif  odrivearduino.o
    0x0800325c   0x0800325c   0x00000064   Code   RO         1734    i._ZN13ODriveArduino11SetVelocityEiff  odrivearduino.o
    0x080032c0   0x080032c0   0x0000002e   Code   RO         1737    i._ZN13ODriveArduino9readFloatEv  odrivearduino.o
    0x080032ee   0x080032ee   0x00000004   Code   RO         1739    i._ZN13ODriveArduinoC1ER6Stream  odrivearduino.o
    0x080032f2   0x080032f2   0x00000022   Code   RO          253    i._ZN13geometry_msgs5Twist11deserializeEPh  main.o
    0x08003314   0x08003314   0x0000000c   Code   RO          458    i._ZN13geometry_msgs5Twist6getMD5Ev  main.o
    0x08003320   0x08003320   0x0000000c   Code   RO          446    i._ZN13geometry_msgs5Twist7getTypeEv  main.o
    0x0800332c   0x0800332c   0x0000002e   Code   RO          247    i._ZN13geometry_msgs7Vector311deserializeEPh  main.o
    0x0800335a   0x0800335a   0x00000002   PAD
    0x0800335c   0x0800335c   0x0000000c   Code   RO          518    i._ZN13geometry_msgs7Vector36getMD5Ev  main.o
    0x08003368   0x08003368   0x0000000c   Code   RO          512    i._ZN13geometry_msgs7Vector37getTypeEv  main.o
    0x08003374   0x08003374   0x00000034   Code   RO          211    i._ZN13geometry_msgs7Vector3C1Ev  main.o
    0x080033a8   0x080033a8   0x00000052   Code   RO         3188    i._ZN14HardwareSerial10IRQHandlerEv  hardwareserial.o
    0x080033fa   0x080033fa   0x00000030   Code   RO         3192    i._ZN14HardwareSerial4readEv  hardwareserial.o
    0x0800342a   0x0800342a   0x00000012   Code   RO         3193    i._ZN14HardwareSerial5beginEj  hardwareserial.o
    0x0800343c   0x0800343c   0x0000001a   Code   RO         3194    i._ZN14HardwareSerial5beginEj13SERIAL_Config  hardwareserial.o
    0x08003456   0x08003456   0x00000002   PAD
    0x08003458   0x08003458   0x00000150   Code   RO         3195    i._ZN14HardwareSerial5beginEj13SERIAL_Confighh  hardwareserial.o
    0x080035a8   0x080035a8   0x00000020   Code   RO         3197    i._ZN14HardwareSerial5writeEh  hardwareserial.o
    0x080035c8   0x080035c8   0x0000000e   Code   RO         3198    i._ZN14HardwareSerial9availableEv  hardwareserial.o
    0x080035d6   0x080035d6   0x00000002   PAD
    0x080035d8   0x080035d8   0x00000034   Code   RO         3199    i._ZN14HardwareSerialC1EP13USART_TypeDef  hardwareserial.o
    0x0800360c   0x0800360c   0x00000188   Code   RO          161    i._ZN14rosserial_msgs20RequestParamResponse11deserializeEPh  main.o
    0x08003794   0x08003794   0x0000000c   Code   RO          608    i._ZN14rosserial_msgs20RequestParamResponse6getMD5Ev  main.o
    0x080037a0   0x080037a0   0x0000000c   Code   RO          602    i._ZN14rosserial_msgs20RequestParamResponse7getTypeEv  main.o
    0x080037ac   0x080037ac   0x0000000c   Code   RO          590    i._ZN14rosserial_msgs3Log6getMD5Ev  main.o
    0x080037b8   0x080037b8   0x0000000c   Code   RO          584    i._ZN14rosserial_msgs3Log7getTypeEv  main.o
    0x080037c4   0x080037c4   0x0000000c   Code   RO          566    i._ZN14rosserial_msgs9TopicInfo6getMD5Ev  main.o
    0x080037d0   0x080037d0   0x0000000c   Code   RO          560    i._ZN14rosserial_msgs9TopicInfo7getTypeEv  main.o
    0x080037dc   0x080037dc   0x0000000a   Code   RO          289    i._ZN15ArduinoHardware4timeEv  main.o
    0x080037e6   0x080037e6   0x0000000e   Code   RO         4430    i._ZN3PID15updateConstantsEfff  pid.o
    0x080037f4   0x080037f4   0x00000016   Code   RO         4432    i._ZN3PIDC1Efffff   pid.o
    0x0800380a   0x0800380a   0x00000002   PAD
    0x0800380c   0x0800380c   0x0000000c   Code   RO          322    i._ZN3ros11Subscriber_C2Ev  main.o
    0x08003818   0x08003818   0x00000024   Code   RO         1690    i._ZN3ros16normalizeSecNSecERjS0_  time.o
    0x0800383c   0x0800383c   0x00000010   Code   RO          301    i._ZN3ros19FlashReadOutBuffer_11readMsgInfoEPKc  main.o
    0x0800384c   0x0800384c   0x00000042   Code   RO          179    i._ZN3ros19FlashReadOutBuffer_13readFromFlashEPK19__FlashStringHelper  main.o
    0x0800388e   0x0800388e   0x00000018   Code   RO          418    i._ZN3ros19FlashReadOutBuffer_9readTopicEPKcb  main.o
    0x080038a6   0x080038a6   0x00000002   PAD
    0x080038a8   0x080038a8   0x00000038   Code   RO          185    i._ZN3ros19FlashReadOutBuffer_C1Ev  main.o
    0x080038e0   0x080038e0   0x0000001c   Code   RO          173    i._ZN3ros19FlashReadOutBuffer_D1Ev  main.o
    0x080038fc   0x080038fc   0x00000014   Code   RO          403    i._ZN3ros21DefaultReadOutBuffer_9readTopicEPKcb  main.o
    0x08003910   0x08003910   0x00000074   Code   RO          217    i._ZN3ros3Msg19serializeAvrFloat64EPhf  main.o
    0x08003984   0x08003984   0x0000006a   Code   RO          223    i._ZN3ros3Msg21deserializeAvrFloat64EPKhPf  main.o
    0x080039ee   0x080039ee   0x00000002   PAD
    0x080039f0   0x080039f0   0x0000000c   Code   RO          271    i._ZN3ros3MsgC2Ev   main.o
    0x080039fc   0x080039fc   0x00000014   Code   RO          128    i._ZN3ros9Publisher7publishEPKNS_3MsgE  main.o
    0x08003a10   0x08003a10   0x0000000e   Code   RO          235    i._ZN3ros9PublisherC1EPKcPNS_3MsgEi  main.o
    0x08003a1e   0x08003a1e   0x00000010   Code   RO         4581    i._ZN4Gy854initEv   gy85.o
    0x08003a2e   0x08003a2e   0x00000014   Code   RO          307    i._ZN4Gy85D1Ev      main.o
    0x08003a42   0x08003a42   0x00000008   Code   RO         4475    i._ZN5MotorC1E13Motor_TypeDeftj  motor.o
    0x08003a4a   0x08003a4a   0x00000002   PAD
    0x08003a4c   0x08003a4c   0x000001a4   Code   RO         2156    i._ZN5Print10printFloatEdh  print.o
    0x08003bf0   0x08003bf0   0x00000090   Code   RO         2157    i._ZN5Print11printNumberEyh  print.o
    0x08003c80   0x08003c80   0x00000012   Code   RO         2159    i._ZN5Print5printEPKc  print.o
    0x08003c92   0x08003c92   0x00000012   Code   RO         2162    i._ZN5Print5printEc  print.o
    0x08003ca4   0x08003ca4   0x00000028   Code   RO         2163    i._ZN5Print5printEdi  print.o
    0x08003ccc   0x08003ccc   0x00000016   Code   RO         2165    i._ZN5Print5printEii  print.o
    0x08003ce2   0x08003ce2   0x00000044   Code   RO         2169    i._ZN5Print5printExi  print.o
    0x08003d26   0x08003d26   0x00000022   Code   RO         2171    i._ZN5Print5writeEPKc  print.o
    0x08003d48   0x08003d48   0x00000018   Code   RO         2401    i._ZN6String10invalidateEv  wstring.o
    0x08003d60   0x08003d60   0x0000001e   Code   RO         2404    i._ZN6String12changeBufferEj  wstring.o
    0x08003d7e   0x08003d7e   0x0000002a   Code   RO         2406    i._ZN6String4copyEPKcj  wstring.o
    0x08003da8   0x08003da8   0x0000000a   Code   RO         2890    i._ZN6String4initEv  wstring.o
    0x08003db2   0x08003db2   0x0000003c   Code   RO         2410    i._ZN6String6concatEPKcj  wstring.o
    0x08003dee   0x08003dee   0x0000001c   Code   RO         2412    i._ZN6String6concatEc  wstring.o
    0x08003e0a   0x08003e0a   0x00000030   Code   RO         2424    i._ZN6String7reserveEj  wstring.o
    0x08003e3a   0x08003e3a   0x00000024   Code   RO         2428    i._ZN6StringC1EPKc  wstring.o
    0x08003e5e   0x08003e5e   0x0000000e   Code   RO         2438    i._ZN6StringD1Ev    wstring.o
    0x08003e6c   0x08003e6c   0x0000000e   Code   RO         4323    i._ZN7BatteryC1Efff  battery.o
    0x08003e7a   0x08003e7a   0x0000003a   Code   RO         3449    i._ZN7TwoWire5beginEh  wire.o
    0x08003eb4   0x08003eb4   0x0000002c   Code   RO         3451    i._ZN7TwoWire7set_sclEb  wire.o
    0x08003ee0   0x08003ee0   0x0000001a   Code   RO         3452    i._ZN7TwoWire7set_sdaEb  wire.o
    0x08003efa   0x08003efa   0x00000002   PAD
    0x08003efc   0x08003efc   0x00000024   Code   RO         3455    i._ZN7TwoWireC1Ehhh  wire.o
    0x08003f20   0x08003f20   0x0000001c   Code   RO         3456    i._ZN7TwoWireD1Ev   wire.o
    0x08003f3c   0x08003f3c   0x00000004   Code   RO         3588    i._ZN8SPIClassC1EP11SPI_TypeDef  spi.o
    0x08003f40   0x08003f40   0x0000005c   Code   RO          167    i._ZN8std_msgs4Time11deserializeEPh  main.o
    0x08003f9c   0x08003f9c   0x0000000c   Code   RO          542    i._ZN8std_msgs4Time6getMD5Ev  main.o
    0x08003fa8   0x08003fa8   0x0000000c   Code   RO          536    i._ZN8std_msgs4Time7getTypeEv  main.o
    0x08003fb4   0x08003fb4   0x00000024   Code   RO          142    i._ZN8std_msgs4TimeC1Ev  main.o
    0x08003fd8   0x08003fd8   0x0000000c   Code   RO          632    i._ZN9riki_msgs10Velocities6getMD5Ev  main.o
    0x08003fe4   0x08003fe4   0x0000000c   Code   RO          626    i._ZN9riki_msgs10Velocities7getTypeEv  main.o
    0x08003ff0   0x08003ff0   0x0000000c   Code   RO          662    i._ZN9riki_msgs3Imu6getMD5Ev  main.o
    0x08003ffc   0x08003ffc   0x0000000c   Code   RO          656    i._ZN9riki_msgs3Imu7getTypeEv  main.o
    0x08004008   0x08004008   0x000000b6   Code   RO          259    i._ZN9riki_msgs3PID11deserializeEPh  main.o
    0x080040be   0x080040be   0x00000002   PAD
    0x080040c0   0x080040c0   0x0000000c   Code   RO          494    i._ZN9riki_msgs3PID6getMD5Ev  main.o
    0x080040cc   0x080040cc   0x0000000c   Code   RO          482    i._ZN9riki_msgs3PID7getTypeEv  main.o
    0x080040d8   0x080040d8   0x0000000c   Code   RO          686    i._ZN9riki_msgs7Battery6getMD5Ev  main.o
    0x080040e4   0x080040e4   0x0000000c   Code   RO          680    i._ZN9riki_msgs7Battery7getTypeEv  main.o
    0x080040f0   0x080040f0   0x00000022   Code   RO          524    i._ZNK13geometry_msgs5Twist9serializeEPh  main.o
    0x08004112   0x08004112   0x0000003c   Code   RO          265    i._ZNK13geometry_msgs7Vector39serializeEPh  main.o
    0x0800414e   0x0800414e   0x00000106   Code   RO          596    i._ZNK14rosserial_msgs20RequestParamResponse9serializeEPh  main.o
    0x08004254   0x08004254   0x00000034   Code   RO          572    i._ZNK14rosserial_msgs3Log9serializeEPh  main.o
    0x08004288   0x08004288   0x0000009a   Code   RO          548    i._ZNK14rosserial_msgs9TopicInfo9serializeEPh  main.o
    0x08004322   0x08004322   0x00000002   PAD
    0x08004324   0x08004324   0x00000038   Code   RO         2458    i._ZNK6String7toFloatEv  wstring.o
    0x0800435c   0x0800435c   0x00000044   Code   RO          530    i._ZNK8std_msgs4Time9serializeEPh  main.o
    0x080043a0   0x080043a0   0x0000007a   Code   RO          614    i._ZNK9riki_msgs10Velocities9serializeEPh  main.o
    0x0800441a   0x0800441a   0x0000002e   Code   RO          644    i._ZNK9riki_msgs3Imu9serializeEPh  main.o
    0x08004448   0x08004448   0x0000007a   Code   RO          638    i._ZNK9riki_msgs3PID9serializeEPh  main.o
    0x080044c2   0x080044c2   0x0000002e   Code   RO          668    i._ZNK9riki_msgs7Battery9serializeEPh  main.o
    0x080044f0   0x080044f0   0x00000008   Code   RO         9735    i._ZdlPv            cpprt_w.l(delete.o)
    0x080044f8   0x080044f8   0x00000030   Code   RO         1823    i._ZlsIfER5PrintS1_T_  odrivearduino.o
    0x08004528   0x08004528   0x00000008   Code   RO         9731    i._Znaj             cpprt_w.l(array_new.o)
    0x08004530   0x08004530   0x00000028   Code   RO        10104    i._Znwj             cpprt_w.l(new.o)
    0x08004558   0x08004558   0x00000028   Code   RO         3900    i.__NVIC_SetPriority  delay.o
    0x08004580   0x08004580   0x00000006   Code   RO         9738    i.__cxa_pure_virtual  cpprt_w.l(pure_virt.o)
    0x08004586   0x08004586   0x00000002   PAD
    0x08004588   0x08004588   0x000000f8   Code   RO        10383    i.__hardfp___mathlib_tofloat  m_wm.l(narrow.o)
    0x08004680   0x08004680   0x00000038   Code   RO         9901    i.__hardfp_atof     m_wm.l(atof.o)
    0x080046b8   0x080046b8   0x000000d0   Code   RO        10425    i.__hardfp_ldexp    m_wm.l(ldexp.o)
    0x08004788   0x08004788   0x00000020   Code   RO        10447    i.__mathlib_dbl_overflow  m_wm.l(dunder.o)
    0x080047a8   0x080047a8   0x00000020   Code   RO        10449    i.__mathlib_dbl_underflow  m_wm.l(dunder.o)
    0x080047c8   0x080047c8   0x00000012   Code   RO        10384    i.__mathlib_narrow  m_wm.l(narrow.o)
    0x080047da   0x080047da   0x00000002   PAD
    0x080047dc   0x080047dc   0x00000034   Code   RO         3200    i.__sti___18_HardwareSerial_cpp_cfa1b6a6  hardwareserial.o
    0x08004810   0x08004810   0x00000034   Code   RO         3591    i.__sti___7_SPI_cpp_ce5662b4  spi.o
    0x08004844   0x08004844   0x00000028   Code   RO         3457    i.__sti___8_Wire_cpp_928ee5ff  wire.o
    0x0800486c   0x0800486c   0x00000290   Code   RO           14    i.__sti___8_main_cpp_2a863fb7  main.o
    0x08004afc   0x08004afc   0x00000014   Code   RO        10427    i.__support_ldexp   m_wm.l(ldexp.o)
    0x08004b10   0x08004b10   0x0000000e   Code   RO         9670    i._is_digit         c_w.l(__printf_wp.o)
    0x08004b1e   0x08004b1e   0x00000002   PAD
    0x08004b20   0x08004b20   0x00000054   Code   RO         3902    i.delay_us          delay.o
    0x08004b74   0x08004b74   0x0000002c   Code   RO         1887    i.digitalRead       arduino.o
    0x08004ba0   0x08004ba0   0x00000038   Code   RO         1888    i.digitalWrite      arduino.o
    0x08004bd8   0x08004bd8   0x0000008c   Code   RO        10416    i.frexp             m_wm.l(frexp.o)
    0x08004c64   0x08004c64   0x00000012   Code   RO         2884    i.isspace           wstring.o
    0x08004c76   0x08004c76   0x00000002   PAD
    0x08004c78   0x08004c78   0x00000024   Code   RO           15    i.main              main.o
    0x08004c9c   0x08004c9c   0x0000000c   Code   RO         3904    i.millis            delay.o
    0x08004ca8   0x08004ca8   0x00000064   Code   RO         1891    i.pinMode           arduino.o
    0x08004d0c   0x08004d0c   0x0000002c   Code   RO        10042    locale$$code        c_w.l(lc_ctype_c.o)
    0x08004d38   0x08004d38   0x0000002c   Code   RO        10227    locale$$code        c_w.l(lc_numeric_c.o)
    0x08004d64   0x08004d64   0x0000000c   Code   RO          452    t._ZN3ros10SubscriberIN13geometry_msgs5TwistEvE10getMsgTypeEv  main.o
    0x08004d70   0x08004d70   0x00000006   Code   RO          470    t._ZN3ros10SubscriberIN13geometry_msgs5TwistEvE15getEndpointTypeEv  main.o
    0x08004d76   0x08004d76   0x0000001a   Code   RO          440    t._ZN3ros10SubscriberIN13geometry_msgs5TwistEvE8callbackEPh  main.o
    0x08004d90   0x08004d90   0x0000000c   Code   RO          464    t._ZN3ros10SubscriberIN13geometry_msgs5TwistEvE9getMsgMD5Ev  main.o
    0x08004d9c   0x08004d9c   0x0000005c   Code   RO          310    t._ZN3ros10SubscriberIN13geometry_msgs5TwistEvEC1EPKcPFvRKS2_Ei  main.o
    0x08004df8   0x08004df8   0x0000000c   Code   RO          488    t._ZN3ros10SubscriberIN9riki_msgs3PIDEvE10getMsgTypeEv  main.o
    0x08004e04   0x08004e04   0x00000006   Code   RO          506    t._ZN3ros10SubscriberIN9riki_msgs3PIDEvE15getEndpointTypeEv  main.o
    0x08004e0a   0x08004e0a   0x0000001a   Code   RO          476    t._ZN3ros10SubscriberIN9riki_msgs3PIDEvE8callbackEPh  main.o
    0x08004e24   0x08004e24   0x0000000c   Code   RO          500    t._ZN3ros10SubscriberIN9riki_msgs3PIDEvE9getMsgMD5Ev  main.o
    0x08004e30   0x08004e30   0x00000064   Code   RO          316    t._ZN3ros10SubscriberIN9riki_msgs3PIDEvEC1EPKcPFvRKS2_Ei  main.o
    0x08004e94   0x08004e94   0x000001f4   Code   RO          191    t._ZN3ros11NodeHandle_I15ArduinoHardwareLi25ELi25ELi512ELi512ENS_19FlashReadOutBuffer_EE15negotiateTopicsEv  main.o
    0x08005088   0x08005088   0x00000020   Code   RO          148    t._ZN3ros11NodeHandle_I15ArduinoHardwareLi25ELi25ELi512ELi512ENS_19FlashReadOutBuffer_EE15requestSyncTimeEv  main.o
    0x080050a8   0x080050a8   0x0000003c   Code   RO          135    t._ZN3ros11NodeHandle_I15ArduinoHardwareLi25ELi25ELi512ELi512ENS_19FlashReadOutBuffer_EE3logEcPKc  main.o
    0x080050e4   0x080050e4   0x000000e8   Code   RO          433    t._ZN3ros11NodeHandle_I15ArduinoHardwareLi25ELi25ELi512ELi512ENS_19FlashReadOutBuffer_EE7publishEiPKNS_3MsgE  main.o
    0x080051cc   0x080051cc   0x00000012   Code   RO          274    t._ZN3ros11NodeHandle_I15ArduinoHardwareLi25ELi25ELi512ELi512ENS_19FlashReadOutBuffer_EE8logerrorIPKcEEvT_  main.o
    0x080051de   0x080051de   0x00000276   Code   RO          198    t._ZN3ros11NodeHandle_I15ArduinoHardwareLi25ELi25ELi512ELi512ENS_19FlashReadOutBuffer_EE8spinOnceEv  main.o
    0x08005454   0x08005454   0x000000a0   Code   RO          295    t._ZN3ros11NodeHandle_I15ArduinoHardwareLi25ELi25ELi512ELi512ENS_19FlashReadOutBuffer_EE8syncTimeEPh  main.o
    0x080054f4   0x080054f4   0x00000030   Code   RO          205    t._ZN3ros11NodeHandle_I15ArduinoHardwareLi25ELi25ELi512ELi512ENS_19FlashReadOutBuffer_EE9advertiseERNS_9PublisherE  main.o
    0x08005524   0x08005524   0x000000cc   Code   RO          241    t._ZN3ros11NodeHandle_I15ArduinoHardwareLi25ELi25ELi512ELi512ENS_19FlashReadOutBuffer_EEC1Ev  main.o
    0x080055f0   0x080055f0   0x00000020   Code   RO          155    t._ZN3ros3Msg8arrToVarIjPhEEvRT_T0_  main.o
    0x08005610   0x08005610   0x00000016   Code   RO          229    t._ZN3ros3Msg8varToArrIPhjEEvT_T0_  main.o
    0x08005626   0x08005626   0x00000012   Code   RO         1829    t._ZlsIPKcER5PrintS3_T_  odrivearduino.o
    0x08005638   0x08005638   0x00000014   Code   RO         1835    t._ZlsIiER5PrintS1_T_  odrivearduino.o
    0x0800564c   0x0800564c   0x00000018   Code   RO         9847    x$fpl$basic         fz_wm.l(basic.o)
    0x08005664   0x08005664   0x00000062   Code   RO         9849    x$fpl$d2f           fz_wm.l(d2f.o)
    0x080056c6   0x080056c6   0x00000002   PAD
    0x080056c8   0x080056c8   0x00000150   Code   RO         9851    x$fpl$dadd          fz_wm.l(daddsub_clz.o)
    0x08005818   0x08005818   0x00000010   Code   RO        10458    x$fpl$dcheck1       fz_wm.l(dcheck1.o)
    0x08005828   0x08005828   0x00000018   Code   RO        10137    x$fpl$dcmpinf       fz_wm.l(dcmpi.o)
    0x08005840   0x08005840   0x000002b0   Code   RO         9858    x$fpl$ddiv          fz_wm.l(ddiv.o)
    0x08005af0   0x08005af0   0x00000078   Code   RO         9861    x$fpl$deqf          fz_wm.l(deqf.o)
    0x08005b68   0x08005b68   0x0000005e   Code   RO         9863    x$fpl$dfix          fz_wm.l(dfix.o)
    0x08005bc6   0x08005bc6   0x0000002e   Code   RO         9876    x$fpl$dflt          fz_wm.l(dflt_clz.o)
    0x08005bf4   0x08005bf4   0x000000a2   Code   RO         9881    x$fpl$dfltll        fz_wm.l(dfltll_clz.o)
    0x08005c96   0x08005c96   0x00000002   PAD
    0x08005c98   0x08005c98   0x00000078   Code   RO         9885    x$fpl$dleqf         fz_wm.l(dleqf.o)
    0x08005d10   0x08005d10   0x00000154   Code   RO         9887    x$fpl$dmul          fz_wm.l(dmul.o)
    0x08005e64   0x08005e64   0x0000009c   Code   RO        10139    x$fpl$dnaninf       fz_wm.l(dnaninf.o)
    0x08005f00   0x08005f00   0x0000000c   Code   RO        10141    x$fpl$dretinf       fz_wm.l(dretinf.o)
    0x08005f0c   0x08005f0c   0x0000006c   Code   RO         9889    x$fpl$drleqf        fz_wm.l(drleqf.o)
    0x08005f78   0x08005f78   0x00000016   Code   RO         9852    x$fpl$drsb          fz_wm.l(daddsub_clz.o)
    0x08005f8e   0x08005f8e   0x00000002   PAD
    0x08005f90   0x08005f90   0x000001d4   Code   RO         9853    x$fpl$dsub          fz_wm.l(daddsub_clz.o)
    0x08006164   0x08006164   0x00000056   Code   RO         9891    x$fpl$f2d           fz_wm.l(f2d.o)
    0x080061ba   0x080061ba   0x0000008c   Code   RO        10143    x$fpl$fnaninf       fz_wm.l(fnaninf.o)
    0x08006246   0x08006246   0x0000000a   Code   RO        10292    x$fpl$fpinit        fz_wm.l(fpinit.o)
    0x08006250   0x08006250   0x0000000a   Code   RO        10145    x$fpl$fretinf       fz_wm.l(fretinf.o)
    0x0800625a   0x0800625a   0x00000006   Code   RO        10294    x$fpl$ieeestatus    fz_wm.l(istatus.o)
    0x08006260   0x08006260   0x000000c2   Code   RO         9867    x$fpl$llsfromd      fz_wm.l(dfixll.o)
    0x08006322   0x08006322   0x00000064   Code   RO        10460    x$fpl$retnan        fz_wm.l(retnan.o)
    0x08006386   0x08006386   0x0000005c   Code   RO        10441    x$fpl$scalbn        fz_wm.l(scalbn.o)
    0x080063e2   0x080063e2   0x00000004   Code   RO        10296    x$fpl$scanf1        fz_wm.l(scanf1.o)
    0x080063e6   0x080063e6   0x00000008   Code   RO        10377    x$fpl$scanf2        fz_wm.l(scanf2.o)
    0x080063ee   0x080063ee   0x00000030   Code   RO        10462    x$fpl$trapveneer    fz_wm.l(trapv.o)
    0x0800641e   0x0800641e   0x00000000   Code   RO        10147    x$fpl$usenofp       fz_wm.l(usenofp.o)
    0x0800641e   0x0800641e   0x0000001c   Data   RO           29    .constdata          main.o
    0x0800643a   0x0800643a   0x00000002   PAD
    0x0800643c   0x0800643c   0x00000b00   Data   RO         4078    .constdata          gpio.o
    0x08006f3c   0x08006f3c   0x00000094   Data   RO        10200    .constdata          c_w.l(bigflt0.o)
    0x08006fd0   0x08006fd0   0x00000024   Data   RO         3298    .constdata__ZTV14HardwareSerial  hardwareserial.o
    0x08006ff4   0x08006ff4   0x00000014   Data   RO         2360    .constdata__ZTV5Print  print.o
    0x08007008   0x08007008   0x00000024   Data   RO         3300    .constdata__ZTV6Stream  hardwareserial.o
    0x0800702c   0x0800702c   0x00000010   Data   RO         3542    .constdata__ZTV7TwoWire  wire.o
    0x0800703c   0x0800703c   0x00000010   Data   RO         3429    .constdata__ZTV8WireBase  wirebase.o
    0x0800704c   0x0800704c   0x00000018   Data   RO          346    .constdata__ZTVN13geometry_msgs5TwistE  main.o
    0x08007064   0x08007064   0x00000018   Data   RO          328    .constdata__ZTVN13geometry_msgs7Vector3E  main.o
    0x0800707c   0x0800707c   0x00000018   Data   RO          336    .constdata__ZTVN14rosserial_msgs20RequestParamResponseE  main.o
    0x08007094   0x08007094   0x00000018   Data   RO          334    .constdata__ZTVN14rosserial_msgs3LogE  main.o
    0x080070ac   0x080070ac   0x00000018   Data   RO          332    .constdata__ZTVN14rosserial_msgs9TopicInfoE  main.o
    0x080070c4   0x080070c4   0x00000018   Data   RO          358    .constdata__ZTVN3ros10SubscriberIN13geometry_msgs5TwistEvEE  main.o
    0x080070dc   0x080070dc   0x00000018   Data   RO          360    .constdata__ZTVN3ros10SubscriberIN9riki_msgs3PIDEvEE  main.o
    0x080070f4   0x080070f4   0x00000014   Data   RO          354    .constdata__ZTVN3ros11NodeHandle_I15ArduinoHardwareLi25ELi25ELi512ELi512ENS_19FlashReadOutBuffer_EEE  main.o
    0x08007108   0x08007108   0x00000018   Data   RO          356    .constdata__ZTVN3ros11Subscriber_E  main.o
    0x08007120   0x08007120   0x00000014   Data   RO          338    .constdata__ZTVN3ros15NodeHandleBase_E  main.o
    0x08007134   0x08007134   0x00000018   Data   RO          342    .constdata__ZTVN3ros19FlashReadOutBuffer_E  main.o
    0x0800714c   0x0800714c   0x00000018   Data   RO          340    .constdata__ZTVN3ros21DefaultReadOutBuffer_E  main.o
    0x08007164   0x08007164   0x00000018   Data   RO          326    .constdata__ZTVN3ros3MsgE  main.o
    0x0800717c   0x0800717c   0x00000018   Data   RO          330    .constdata__ZTVN8std_msgs4TimeE  main.o
    0x08007194   0x08007194   0x00000018   Data   RO          344    .constdata__ZTVN9riki_msgs10VelocitiesE  main.o
    0x080071ac   0x080071ac   0x00000018   Data   RO          350    .constdata__ZTVN9riki_msgs3ImuE  main.o
    0x080071c4   0x080071c4   0x00000018   Data   RO          348    .constdata__ZTVN9riki_msgs3PIDE  main.o
    0x080071dc   0x080071dc   0x00000018   Data   RO          352    .constdata__ZTVN9riki_msgs7BatteryE  main.o
    0x080071f4   0x080071f4   0x00000021   Data   RO          118    .constdata__ZZN13geometry_msgs5Twist6getMD5EvEs  main.o
    0x08007215   0x08007215   0x00000014   Data   RO          117    .constdata__ZZN13geometry_msgs5Twist7getTypeEvEs  main.o
    0x08007229   0x08007229   0x00000021   Data   RO          104    .constdata__ZZN13geometry_msgs7Vector36getMD5EvEs  main.o
    0x0800724a   0x0800724a   0x00000016   Data   RO          103    .constdata__ZZN13geometry_msgs7Vector37getTypeEvEs  main.o
    0x08007260   0x08007260   0x00000021   Data   RO          113    .constdata__ZZN14rosserial_msgs20RequestParamResponse6getMD5EvEs  main.o
    0x08007281   0x08007281   0x00000021   Data   RO          112    .constdata__ZZN14rosserial_msgs3Log6getMD5EvEs  main.o
    0x080072a2   0x080072a2   0x00000013   Data   RO          111    .constdata__ZZN14rosserial_msgs3Log7getTypeEvEs  main.o
    0x080072b5   0x080072b5   0x00000001   Data   RO          110    .constdata__ZZN14rosserial_msgs3LogC1EvEs  main.o
    0x080072b6   0x080072b6   0x00000021   Data   RO          109    .constdata__ZZN14rosserial_msgs9TopicInfo6getMD5EvEs  main.o
    0x080072d7   0x080072d7   0x00000019   Data   RO          108    .constdata__ZZN14rosserial_msgs9TopicInfo7getTypeEvEs  main.o
    0x080072f0   0x080072f0   0x00000001   Data   RO          107    .constdata__ZZN14rosserial_msgs9TopicInfoC1EvEs  main.o
    0x080072f1   0x080072f1   0x00000014   Data   RO          126    .constdata__ZZN3ros11NodeHandle_I15ArduinoHardwareLi25ELi25ELi512ELi512ENS_19FlashReadOutBuffer_EE15negotiateTopicsEvEs  main.o
    0x08007305   0x08007305   0x00000014   Data   RO          127    .constdata__ZZN3ros11NodeHandle_I15ArduinoHardwareLi25ELi25ELi512ELi512ENS_19FlashReadOutBuffer_EE15negotiateTopicsEvEs_0  main.o
    0x08007319   0x08007319   0x00000039   Data   RO          125    .constdata__ZZN3ros11NodeHandle_I15ArduinoHardwareLi25ELi25ELi512ELi512ENS_19FlashReadOutBuffer_EE7publishEiPKNS_3MsgEEs  main.o
    0x08007352   0x08007352   0x00000002   Data   RO          114    .constdata__ZZN3ros21DefaultReadOutBuffer_9readTopicEPKcbEs  main.o
    0x08007354   0x08007354   0x00000021   Data   RO          106    .constdata__ZZN8std_msgs4Time6getMD5EvEs  main.o
    0x08007375   0x08007375   0x0000000e   Data   RO          105    .constdata__ZZN8std_msgs4Time7getTypeEvEs  main.o
    0x08007383   0x08007383   0x00000021   Data   RO          116    .constdata__ZZN9riki_msgs10Velocities6getMD5EvEs  main.o
    0x080073a4   0x080073a4   0x00000015   Data   RO          115    .constdata__ZZN9riki_msgs10Velocities7getTypeEvEs  main.o
    0x080073b9   0x080073b9   0x00000021   Data   RO          122    .constdata__ZZN9riki_msgs3Imu6getMD5EvEs  main.o
    0x080073da   0x080073da   0x0000000e   Data   RO          121    .constdata__ZZN9riki_msgs3Imu7getTypeEvEs  main.o
    0x080073e8   0x080073e8   0x00000021   Data   RO          120    .constdata__ZZN9riki_msgs3PID6getMD5EvEs  main.o
    0x08007409   0x08007409   0x0000000e   Data   RO          119    .constdata__ZZN9riki_msgs3PID7getTypeEvEs  main.o
    0x08007417   0x08007417   0x00000021   Data   RO          124    .constdata__ZZN9riki_msgs7Battery6getMD5EvEs  main.o
    0x08007438   0x08007438   0x00000012   Data   RO          123    .constdata__ZZN9riki_msgs7Battery7getTypeEvEs  main.o
    0x0800744a   0x0800744a   0x00000002   PAD
    0x0800744c   0x0800744c   0x00000020   Data   RO        10464    Region$$Table       anon$$obj.o
    0x0800746c   0x0800746c   0x00000008   Data   RO        10373    c$$dinf             fz_wm.l(fpconst.o)
    0x08007474   0x08007474   0x00000008   Data   RO        10376    c$$dmax             fz_wm.l(fpconst.o)
    0x0800747c   0x0800747c   0x00000110   Data   RO        10041    locale$$data        c_w.l(lc_ctype_c.o)
    0x0800758c   0x0800758c   0x0000001c   Data   RO        10226    locale$$data        c_w.l(lc_numeric_c.o)
    0x080075a8   0x080075a8   0x00000004   Data   RO           31    .init_array         main.o
    0x080075ac   0x080075a8   0x00000004   Data   RO         3218    .init_array         hardwareserial.o
    0x080075b0   0x080075a8   0x00000004   Data   RO         3473    .init_array         wire.o
    0x080075b4   0x080075a8   0x00000004   Data   RO         3620    .init_array         spi.o
    0x080075b8   0x080075a8   0x00000000   Data   RO         9726    .init_array         c_w.l(init_aeabi.o)


    Execution Region RW_IRAM1 (Exec base: 0x20000000, Load base: 0x080075b8, Size: 0x00001c80, Max: 0x00020000, ABSOLUTE)

    Exec Addr    Load Addr    Size         Type   Attr      Idx    E Section Name        Object

    0x20000000   0x080075b8   0x000000b4   Data   RW           30    .data               main.o
    0x200000b4   0x0800766c   0x00000002   Data   RW         3845    .data               adc.o
    0x200000b6   0x0800766e   0x00000002   PAD
    0x200000b8   0x08007670   0x00000004   Data   RW         3905    .data               delay.o
    0x200000bc   0x08007674   0x00000010   Data   RW         7819    .data               stm32f4xx_rcc.o
    0x200000cc   0x08007684   0x00000014   Data   RW         9535    .data               system_stm32f4xx.o
    0x200000e0        -       0x00000800   Zero   RW           28    .bss                main.o
    0x200008e0        -       0x000001d4   Zero   RW         3217    .bss                hardwareserial.o
    0x20000ab4        -       0x00000058   Zero   RW         3472    .bss                wire.o
    0x20000b0c        -       0x00000054   Zero   RW         3619    .bss                spi.o
    0x20000b60        -       0x00000048   Zero   RW         3844    .bss                adc.o
    0x20000ba8        -       0x00000040   Zero   RW         3996    .bss                exti.o
    0x20000be8        -       0x00000038   Zero   RW         4207    .bss                timer.o
    0x20000c20        -       0x00000060   Zero   RW        10151    .bss                c_w.l(libspace.o)
    0x20000c80        -       0x00000800   Zero   RW         9523    HEAP                startup_stm32f411xe.o
    0x20001480        -       0x00000800   Zero   RW         9522    STACK               startup_stm32f411xe.o


==============================================================================

Image component sizes


      Code (inc. data)   RO Data    RW Data    ZI Data      Debug   Object Name

         0          0          0          0          0     235544   accelstepper.o
       388         36          0          2         72       2667   adc.o
       200         16          0          0          0     236661   arduino.o
        14          0          0          0          0       1140   battery.o
       228         34          0          4          0     240086   delay.o
         0          0          0          0          0       1232   duration.o
       580         40          0          0         64       4295   exti.o
       320         44       2816          0          0       4599   gpio.o
        16          0          0          0          0       5223   gy85.o
       708         72         76          0        468      15873   hardwareserial.o
       432         12          0          0          0       4176   kinematics.o
      6446        614       1054        180       2048     318825   main.o
       140         24          0          0          0      18899   misc.o
         8          0          0          0          0       1304   motor.o
       448         56          0          0          0      20040   odrivearduino.o
        36          0          0          0          0       1860   pid.o
       764         54         20          0          0      17764   print.o
        56         24          4          0         84       4842   spi.o
        64         26        408          0       4096        928   startup_stm32f411xe.o
       154         24          0          0          0      17254   stm32f4xx_adc.o
        36         10          0          0          0       1236   stm32f4xx_exti.o
       214          0          0          0          0       8335   stm32f4xx_gpio.o
       360         42          0         16          0      21056   stm32f4xx_rcc.o
        40          0          0          0          0      21978   stm32f4xx_tim.o
       468          8          0          0          0      12875   stm32f4xx_usart.o
       428         54          0         20          0       2497   system_stm32f4xx.o
        36          6          0          0          0       1188   time.o
       368         68          0          0         56       4634   timer.o
       232         30         20          0         88       5775   wire.o
         0          0         16          0          0       1344   wirebase.o
       366          6          0          0          0       7206   wstring.o

    ----------------------------------------------------------------------
     13580       1300       4450        224       6976    1241336   Object Totals
         0          0         32          0          0          0   (incl. Generated)
        30          0          4          2          0          0   (incl. Padding)

    ----------------------------------------------------------------------

      Code (inc. data)   RO Data    RW Data    ZI Data      Debug   Library Member Name

         8          0          0          0          0         68   __main.o
        14          0          0          0          0         68   __printf_wp.o
         0          0          0          0          0          0   __rtentry.o
        12          0          0          0          0          0   __rtentry2.o
         6          0          0          0          0          0   __rtentry4.o
        52          8          0          0          0          0   __scatter.o
        26          0          0          0          0          0   __scatter_copy.o
        28          0          0          0          0          0   __scatter_zi.o
        28          0          0          0          0         68   _chval.o
        22          0          0          0          0        100   _rserrno.o
        64          0          0          0          0         84   _sgetc.o
        22          0          0          0          0         80   abort.o
        46          0          0          0          0         84   aeabi_atexit.o
       228          4        148          0          0         96   bigflt0.o
      1924        136          0          0          0        756   btod.o
        66          0          0          0          0         84   cxa_finalize.o
        48         34          0          0          0         76   defsig_abrt_inner.o
        14          0          0          0          0         80   defsig_abrt_outer.o
        10          0          0          0          0         68   defsig_exit.o
        50          0          0          0          0         88   defsig_general.o
        48         34          0          0          0         76   defsig_pvfn_inner.o
        14          0          0          0          0         80   defsig_pvfn_outer.o
        80         58          0          0          0         76   defsig_rtmem_inner.o
        14          0          0          0          0         80   defsig_rtmem_outer.o
        18          0          0          0          0         80   exit.o
        94          0          0          0          0         80   h1_alloc.o
        52          0          0          0          0         68   h1_extend.o
        78          0          0          0          0         80   h1_free.o
        14          0          0          0          0         84   h1_init.o
       184          0          0          0          0         92   h1_realloc.o
         6          0          0          0          0        152   heapauxi.o
         4          0          0          0          0        136   hguard.o
         0          0          0          0          0          0   indicate_semi.o
        36         10          0          0          0         80   init_aeabi.o
       138          0          0          0          0        168   init_alloc.o
        44         10        272          0          0         76   lc_ctype_c.o
        44         10         28          0          0         76   lc_numeric_c.o
         2          0          0          0          0          0   libinit.o
        46          0          0          0          0          0   libinit2.o
         2          0          0          0          0          0   libshutdown.o
         8          0          0          0          0          0   libshutdown2.o
         8          4          0          0         96         68   libspace.o
        38          0          0          0          0         68   llshl.o
       238          0          0          0          0        100   lludivv7m.o
         0          0          0          0          0          0   maybetermalloc1.o
        16          4          0          0          0         76   rt_ctype_table.o
         8          4          0          0          0         68   rt_ddtor_pointer_addr_intlibspace.o
         8          4          0          0          0         68   rt_eh_globals_addr_intlibspace.o
         8          4          0          0          0         68   rt_errno_addr_intlibspace.o
         8          4          0          0          0         68   rt_heap_descriptor_intlibspace.o
         8          4          0          0          0         68   rt_locale_intlibspace.o
       138          0          0          0          0         68   rt_memcpy_v6.o
       100          0          0          0          0         80   rt_memcpy_w.o
         8          4          0          0          0         68   rt_new_handler_addr_intlibspace.o
         2          0          0          0          0          0   rtexit.o
        10          0          0          0          0          0   rtexit2.o
      1272         16          0          0          0        168   scanf_fp.o
       800         14          0          0          0        100   scanf_hexfp.o
       308         16          0          0          0        100   scanf_infnan.o
       128          0          0          0          0         68   strcmpv7m.o
        72          0          0          0          0         80   strcpy.o
        62          0          0          0          0         76   strlen.o
       164         14          0          0          0        120   strtod.o
        12          4          0          0          0         68   sys_exit.o
        74          0          0          0          0         80   sys_stackheap_outer.o
        14          0          0          0          0         76   sys_wrch.o
         2          0          0          0          0         68   use_no_semi.o
        80         12          0          0          0        104   arm_exceptions_globs.o
        60          0          0          0          0        108   arm_exceptions_mem.o
        26          0          0          0          0         76   arm_exceptions_terminate.o
         4          0          0          0          0         68   arm_newhandler_noexceptions.o
         8          0          0          0          0         76   array_new.o
         8          0          0          0          0         76   delete.o
        40          6          0          0          0         76   new.o
         6          0          0          0          0         68   pure_virt.o
        24          0          0          0          0        164   basic.o
        98          4          0          0          0        140   d2f.o
       826         16          0          0          0        492   daddsub_clz.o
        16          4          0          0          0        116   dcheck1.o
        24          0          0          0          0        116   dcmpi.o
       688        140          0          0          0        256   ddiv.o
       120          4          0          0          0        140   deqf.o
        94          4          0          0          0        140   dfix.o
       194          4          0          0          0        164   dfixll.o
        46          0          0          0          0        116   dflt_clz.o
       162          0          0          0          0        132   dfltll_clz.o
       120          4          0          0          0        140   dleqf.o
       340         12          0          0          0        152   dmul.o
       156          4          0          0          0        140   dnaninf.o
        12          0          0          0          0        116   dretinf.o
       108          0          0          0          0        128   drleqf.o
        86          4          0          0          0        132   f2d.o
       140          4          0          0          0        132   fnaninf.o
         0          0         16          0          0          0   fpconst.o
        10          0          0          0          0        116   fpinit.o
        10          0          0          0          0        116   fretinf.o
         6          0          0          0          0        116   istatus.o
       100          0          0          0          0        116   retnan.o
        92          0          0          0          0        116   scalbn.o
         4          0          0          0          0        116   scanf1.o
         8          0          0          0          0        132   scanf2.o
        48          0          0          0          0        116   trapv.o
         0          0          0          0          0          0   usenofp.o
        56         12          0          0          0        132   atof.o
        64         16          0          0          0        248   dunder.o
       140         22          0          0          0        132   frexp.o
       228          8          0          0          0        308   ldexp.o
       266         16          0          0          0        308   narrow.o

    ----------------------------------------------------------------------
     11642        698        464          0         96      10796   Library Totals
        24          2          0          0          0          0   (incl. Padding)

    ----------------------------------------------------------------------

      Code (inc. data)   RO Data    RW Data    ZI Data      Debug   Library Name

      7100        400        448          0         96       5156   c_w.l
       232         18          0          0          0        652   cpprt_w.l
      3532        204         16          0          0       3860   fz_wm.l
       754         74          0          0          0       1128   m_wm.l

    ----------------------------------------------------------------------
     11642        698        464          0         96      10796   Library Totals

    ----------------------------------------------------------------------

==============================================================================


      Code (inc. data)   RO Data    RW Data    ZI Data      Debug   

     25222       1998       4914        224       7072    1227152   Grand Totals
     25222       1998       4914        224       7072    1227152   ELF Image Totals
     25222       1998       4914        224          0          0   ROM Totals

==============================================================================

    Total RO  Size (Code + RO Data)                30136 (  29.43kB)
    Total RW  Size (RW Data + ZI Data)              7296 (   7.13kB)
    Total ROM Size (Code + RO Data + RW Data)      30360 (  29.65kB)

==============================================================================

